Component: ARM Compiler 5.06 update 6 (build 750) Tool: armlink [4d35ed]

==============================================================================

Section Cross References

    startup_stm32f103xb.o(RESET) refers to startup_stm32f103xb.o(STACK) for __initial_sp
    startup_stm32f103xb.o(RESET) refers to startup_stm32f103xb.o(.text) for Reset_Handler
    startup_stm32f103xb.o(RESET) refers to stm32f1xx_it.o(i.NMI_Handler) for NMI_Handler
    startup_stm32f103xb.o(RESET) refers to stm32f1xx_it.o(i.HardFault_Handler) for HardFault_Handler
    startup_stm32f103xb.o(RESET) refers to stm32f1xx_it.o(i.MemManage_Handler) for MemManage_Handler
    startup_stm32f103xb.o(RESET) refers to stm32f1xx_it.o(i.BusFault_Handler) for BusFault_Handler
    startup_stm32f103xb.o(RESET) refers to stm32f1xx_it.o(i.UsageFault_Handler) for UsageFault_Handler
    startup_stm32f103xb.o(RESET) refers to stm32f1xx_it.o(i.SVC_Handler) for SVC_Handler
    startup_stm32f103xb.o(RESET) refers to stm32f1xx_it.o(i.DebugMon_Handler) for DebugMon_Handler
    startup_stm32f103xb.o(RESET) refers to stm32f1xx_it.o(i.PendSV_Handler) for PendSV_Handler
    startup_stm32f103xb.o(RESET) refers to stm32f1xx_it.o(i.SysTick_Handler) for SysTick_Handler
    startup_stm32f103xb.o(RESET) refers to stm32f1xx_it.o(i.EXTI0_IRQHandler) for EXTI0_IRQHandler
    startup_stm32f103xb.o(RESET) refers to stm32f1xx_it.o(i.EXTI1_IRQHandler) for EXTI1_IRQHandler
    startup_stm32f103xb.o(RESET) refers to stm32f1xx_it.o(i.EXTI2_IRQHandler) for EXTI2_IRQHandler
    startup_stm32f103xb.o(RESET) refers to stm32f1xx_it.o(i.EXTI3_IRQHandler) for EXTI3_IRQHandler
    startup_stm32f103xb.o(RESET) refers to stm32f1xx_it.o(i.EXTI4_IRQHandler) for EXTI4_IRQHandler
    startup_stm32f103xb.o(RESET) refers to stm32f1xx_it.o(i.ADC1_2_IRQHandler) for ADC1_2_IRQHandler
    startup_stm32f103xb.o(RESET) refers to stm32f1xx_it.o(i.EXTI9_5_IRQHandler) for EXTI9_5_IRQHandler
    startup_stm32f103xb.o(RESET) refers to stm32f1xx_it.o(i.TIM1_UP_IRQHandler) for TIM1_UP_IRQHandler
    startup_stm32f103xb.o(RESET) refers to stm32f1xx_it.o(i.TIM2_IRQHandler) for TIM2_IRQHandler
    startup_stm32f103xb.o(RESET) refers to stm32f1xx_it.o(i.TIM3_IRQHandler) for TIM3_IRQHandler
    startup_stm32f103xb.o(RESET) refers to stm32f1xx_it.o(i.TIM4_IRQHandler) for TIM4_IRQHandler
    startup_stm32f103xb.o(RESET) refers to stm32f1xx_it.o(i.I2C1_EV_IRQHandler) for I2C1_EV_IRQHandler
    startup_stm32f103xb.o(RESET) refers to stm32f1xx_it.o(i.I2C1_ER_IRQHandler) for I2C1_ER_IRQHandler
    startup_stm32f103xb.o(RESET) refers to stm32f1xx_it.o(i.USART1_IRQHandler) for USART1_IRQHandler
    startup_stm32f103xb.o(RESET) refers to stm32f1xx_it.o(i.USART2_IRQHandler) for USART2_IRQHandler
    startup_stm32f103xb.o(RESET) refers to stm32f1xx_it.o(i.USART3_IRQHandler) for USART3_IRQHandler
    startup_stm32f103xb.o(RESET) refers to stm32f1xx_it.o(i.EXTI15_10_IRQHandler) for EXTI15_10_IRQHandler
    startup_stm32f103xb.o(.text) refers to system_stm32f1xx.o(i.SystemInit) for SystemInit
    startup_stm32f103xb.o(.text) refers to entry.o(.ARM.Collect$$$$00000000) for __main
    surus.o(i.bldc_motor_calistir) refers to stm32f1xx_hal_gpio.o(i.HAL_GPIO_WritePin) for HAL_GPIO_WritePin
    surus.o(i.bldc_motor_calistir) refers to surus.o(i.frenleme) for frenleme
    surus.o(i.bldc_motor_calistir) refers to surus.o(.data) for .data
    surus.o(i.bldc_motor_durdur) refers to surus.o(i.frenleme) for frenleme
    surus.o(i.bldc_motor_durdur) refers to surus.o(.data) for .data
    surus.o(i.bldc_sur) refers to surus.o(i.bldc_motor_calistir) for bldc_motor_calistir
    surus.o(i.bldc_sur) refers to surus.o(i.bldc_motor_durdur) for bldc_motor_durdur
    surus.o(i.bldc_sur) refers to surus.o(.data) for .data
    surus.o(i.direksiyon_cevir) refers to surus.o(.data) for .data
    surus.o(i.direksiyon_kur) refers to surus.o(.data) for .data
    surus.o(i.fren_durum_kontrol) refers to surus.o(.data) for .data
    surus.o(i.frenleme) refers to stm32f1xx_hal_gpio.o(i.HAL_GPIO_WritePin) for HAL_GPIO_WritePin
    surus.o(i.frenleme) refers to surus.o(i.fren_durum_kontrol) for fren_durum_kontrol
    surus.o(i.frenleme) refers to stm32f1xx_hal_uart.o(i.HAL_UART_Transmit_IT) for HAL_UART_Transmit_IT
    surus.o(i.frenleme) refers to surus.o(.data) for .data
    surus.o(i.frenleme) refers to main.o(.bss) for huart3
    surus.o(i.surus) refers to surus.o(i.direksiyon_cevir) for direksiyon_cevir
    surus.o(i.surus) refers to surus.o(i.bldc_sur) for bldc_sur
    surus.o(i.surus) refers to surus.o(.data) for .data
    xbee.o(i.paket_dogrula) refers to xbee.o(i.xbee_gonder) for xbee_gonder
    xbee.o(i.paket_dogrula) refers to stm32f1xx_hal_gpio.o(i.HAL_GPIO_WritePin) for HAL_GPIO_WritePin
    xbee.o(i.paket_dogrula) refers to xbee.o(.data) for .data
    xbee.o(i.paket_dogrula) refers to main.o(.bss) for huart1
    xbee.o(i.veri_alma_baslat_it) refers to stm32f1xx_hal_uart.o(i.HAL_UART_Receive_IT) for HAL_UART_Receive_IT
[...]
    Removing stm32f1xx_hal_tim.o(i.HAL_TIM_OC_Stop), (76 bytes).
    Removing stm32f1xx_hal_tim.o(i.HAL_TIM_OC_Stop_DMA), (156 bytes).
    Removing stm32f1xx_hal_tim.o(i.HAL_TIM_OC_Stop_IT), (128 bytes).
    Removing stm32f1xx_hal_tim.o(i.HAL_TIM_OnePulse_ConfigChannel), (218 bytes).
    Removing stm32f1xx_hal_tim.o(i.HAL_TIM_OnePulse_DeInit), (56 bytes).
    Removing stm32f1xx_hal_tim.o(i.HAL_TIM_OnePulse_GetState), (6 bytes).
    Removing stm32f1xx_hal_tim.o(i.HAL_TIM_OnePulse_Init), (74 bytes).
    Removing stm32f1xx_hal_tim.o(i.HAL_TIM_OnePulse_MspDeInit), (2 bytes).
    Removing stm32f1xx_hal_tim.o(i.HAL_TIM_OnePulse_MspInit), (2 bytes).
    Removing stm32f1xx_hal_tim.o(i.HAL_TIM_OnePulse_Start), (48 bytes).
    Removing stm32f1xx_hal_tim.o(i.HAL_TIM_OnePulse_Start_IT), (68 bytes).
    Removing stm32f1xx_hal_tim.o(i.HAL_TIM_OnePulse_Stop), (88 bytes).
    Removing stm32f1xx_hal_tim.o(i.HAL_TIM_OnePulse_Stop_IT), (108 bytes).
    Removing stm32f1xx_hal_tim.o(i.HAL_TIM_PWM_DeInit), (56 bytes).
    Removing stm32f1xx_hal_tim.o(i.HAL_TIM_PWM_GetState), (6 bytes).
    Removing stm32f1xx_hal_tim.o(i.HAL_TIM_PWM_MspDeInit), (2 bytes).
    Removing stm32f1xx_hal_tim.o(i.HAL_TIM_PWM_PulseFinishedHalfCpltCallback), (2 bytes).
    Removing stm32f1xx_hal_tim.o(i.HAL_TIM_PWM_Start), (56 bytes).
    Removing stm32f1xx_hal_tim.o(i.HAL_TIM_PWM_Start_DMA), (280 bytes).
    Removing stm32f1xx_hal_tim.o(i.HAL_TIM_PWM_Start_IT), (108 bytes).
    Removing stm32f1xx_hal_tim.o(i.HAL_TIM_PWM_Stop), (84 bytes).
    Removing stm32f1xx_hal_tim.o(i.HAL_TIM_PWM_Stop_DMA), (156 bytes).
    Removing stm32f1xx_hal_tim.o(i.HAL_TIM_PWM_Stop_IT), (128 bytes).
    Removing stm32f1xx_hal_tim.o(i.HAL_TIM_PeriodElapsedHalfCpltCallback), (2 bytes).
    Removing stm32f1xx_hal_tim.o(i.HAL_TIM_ReadCapturedValue), (42 bytes).
    Removing stm32f1xx_hal_tim.o(i.HAL_TIM_SlaveConfigSynchro), (86 bytes).
    Removing stm32f1xx_hal_tim.o(i.HAL_TIM_SlaveConfigSynchro_IT), (86 bytes).
    Removing stm32f1xx_hal_tim.o(i.HAL_TIM_TriggerHalfCpltCallback), (2 bytes).
    Removing stm32f1xx_hal_tim.o(i.TIM_CCxChannelCmd), (26 bytes).
    Removing stm32f1xx_hal_tim.o(i.TIM_DMACaptureCplt), (62 bytes).
    Removing stm32f1xx_hal_tim.o(i.TIM_DMACaptureHalfCplt), (62 bytes).
    Removing stm32f1xx_hal_tim.o(i.TIM_DMADelayPulseCplt), (62 bytes).
    Removing stm32f1xx_hal_tim.o(i.TIM_DMADelayPulseHalfCplt), (62 bytes).
    Removing stm32f1xx_hal_tim.o(i.TIM_DMAError), (16 bytes).
    Removing stm32f1xx_hal_tim.o(i.TIM_DMAPeriodElapsedCplt), (16 bytes).
    Removing stm32f1xx_hal_tim.o(i.TIM_DMAPeriodElapsedHalfCplt), (16 bytes).
    Removing stm32f1xx_hal_tim.o(i.TIM_DMATriggerCplt), (16 bytes).
    Removing stm32f1xx_hal_tim.o(i.TIM_DMATriggerHalfCplt), (16 bytes).
    Removing stm32f1xx_hal_tim.o(i.TIM_SlaveTimer_SetConfig), (134 bytes).
    Removing stm32f1xx_hal_tim.o(i.TIM_TI1_SetConfig), (88 bytes).
    Removing stm32f1xx_hal_tim.o(i.TIM_TI2_SetConfig), (54 bytes).
    Removing stm32f1xx_hal_tim_ex.o(.rev16_text), (4 bytes).
    Removing stm32f1xx_hal_tim_ex.o(.revsh_text), (4 bytes).
    Removing stm32f1xx_hal_tim_ex.o(.rrx_text), (6 bytes).
    Removing stm32f1xx_hal_tim_ex.o(i.HAL_TIMEx_CommutHalfCpltCallback), (2 bytes).
    Removing stm32f1xx_hal_tim_ex.o(i.HAL_TIMEx_ConfigBreakDeadTime), (84 bytes).
    Removing stm32f1xx_hal_tim_ex.o(i.HAL_TIMEx_ConfigCommutEvent), (112 bytes).
    Removing stm32f1xx_hal_tim_ex.o(i.HAL_TIMEx_ConfigCommutEvent_DMA), (144 bytes).
    Removing stm32f1xx_hal_tim_ex.o(i.HAL_TIMEx_ConfigCommutEvent_IT), (112 bytes).
    Removing stm32f1xx_hal_tim_ex.o(i.HAL_TIMEx_HallSensor_DeInit), (56 bytes).
    Removing stm32f1xx_hal_tim_ex.o(i.HAL_TIMEx_HallSensor_GetState), (6 bytes).
    Removing stm32f1xx_hal_tim_ex.o(i.HAL_TIMEx_HallSensor_Init), (188 bytes).
    Removing stm32f1xx_hal_tim_ex.o(i.HAL_TIMEx_HallSensor_MspDeInit), (2 bytes).
    Removing stm32f1xx_hal_tim_ex.o(i.HAL_TIMEx_HallSensor_MspInit), (2 bytes).
    Removing stm32f1xx_hal_tim_ex.o(i.HAL_TIMEx_HallSensor_Start), (38 bytes).
    Removing stm32f1xx_hal_tim_ex.o(i.HAL_TIMEx_HallSensor_Start_DMA), (128 bytes).
    Removing stm32f1xx_hal_tim_ex.o(i.HAL_TIMEx_HallSensor_Start_IT), (48 bytes).
    Removing stm32f1xx_hal_tim_ex.o(i.HAL_TIMEx_HallSensor_Stop), (46 bytes).
    Removing stm32f1xx_hal_tim_ex.o(i.HAL_TIMEx_HallSensor_Stop_DMA), (62 bytes).
    Removing stm32f1xx_hal_tim_ex.o(i.HAL_TIMEx_HallSensor_Stop_IT), (56 bytes).
    Removing stm32f1xx_hal_tim_ex.o(i.HAL_TIMEx_OCN_Start), (46 bytes).
    Removing stm32f1xx_hal_tim_ex.o(i.HAL_TIMEx_OCN_Start_DMA), (228 bytes).
    Removing stm32f1xx_hal_tim_ex.o(i.HAL_TIMEx_OCN_Start_IT), (94 bytes).
    Removing stm32f1xx_hal_tim_ex.o(i.HAL_TIMEx_OCN_Stop), (68 bytes).
    Removing stm32f1xx_hal_tim_ex.o(i.HAL_TIMEx_OCN_Stop_DMA), (130 bytes).
    Removing stm32f1xx_hal_tim_ex.o(i.HAL_TIMEx_OCN_Stop_IT), (122 bytes).
    Removing stm32f1xx_hal_tim_ex.o(i.HAL_TIMEx_OnePulseN_Start), (26 bytes).
    Removing stm32f1xx_hal_tim_ex.o(i.HAL_TIMEx_OnePulseN_Start_IT), (46 bytes).
    Removing stm32f1xx_hal_tim_ex.o(i.HAL_TIMEx_OnePulseN_Stop), (68 bytes).
    Removing stm32f1xx_hal_tim_ex.o(i.HAL_TIMEx_OnePulseN_Stop_IT), (88 bytes).
    Removing stm32f1xx_hal_tim_ex.o(i.HAL_TIMEx_PWMN_Start), (46 bytes).
    Removing stm32f1xx_hal_tim_ex.o(i.HAL_TIMEx_PWMN_Start_DMA), (228 bytes).
    Removing stm32f1xx_hal_tim_ex.o(i.HAL_TIMEx_PWMN_Start_IT), (94 bytes).
    Removing stm32f1xx_hal_tim_ex.o(i.HAL_TIMEx_PWMN_Stop), (68 bytes).
    Removing stm32f1xx_hal_tim_ex.o(i.HAL_TIMEx_PWMN_Stop_DMA), (130 bytes).
    Removing stm32f1xx_hal_tim_ex.o(i.HAL_TIMEx_PWMN_Stop_IT), (122 bytes).
    Removing stm32f1xx_hal_tim_ex.o(i.HAL_TIMEx_RemapConfig), (4 bytes).
    Removing stm32f1xx_hal_tim_ex.o(i.TIMEx_DMACommutationCplt), (16 bytes).
    Removing stm32f1xx_hal_tim_ex.o(i.TIMEx_DMACommutationHalfCplt), (16 bytes).
    Removing stm32f1xx_hal_tim_ex.o(i.TIM_CCxNChannelCmd), (26 bytes).
    Removing stm32f1xx_hal_uart.o(.rev16_text), (4 bytes).
    Removing stm32f1xx_hal_uart.o(.revsh_text), (4 bytes).
    Removing stm32f1xx_hal_uart.o(.rrx_text), (6 bytes).
    Removing stm32f1xx_hal_uart.o(i.HAL_HalfDuplex_EnableReceiver), (50 bytes).
    Removing stm32f1xx_hal_uart.o(i.HAL_HalfDuplex_EnableTransmitter), (50 bytes).
    Removing stm32f1xx_hal_uart.o(i.HAL_HalfDuplex_Init), (108 bytes).
    Removing stm32f1xx_hal_uart.o(i.HAL_LIN_Init), (128 bytes).
    Removing stm32f1xx_hal_uart.o(i.HAL_LIN_SendBreak), (46 bytes).
    Removing stm32f1xx_hal_uart.o(i.HAL_MultiProcessor_EnterMuteMode), (46 bytes).
    Removing stm32f1xx_hal_uart.o(i.HAL_MultiProcessor_ExitMuteMode), (46 bytes).
    Removing stm32f1xx_hal_uart.o(i.HAL_MultiProcessor_Init), (142 bytes).
    Removing stm32f1xx_hal_uart.o(i.HAL_UART_Abort), (138 bytes).
    Removing stm32f1xx_hal_uart.o(i.HAL_UART_AbortCpltCallback), (2 bytes).
    Removing stm32f1xx_hal_uart.o(i.HAL_UART_AbortReceive), (88 bytes).
    Removing stm32f1xx_hal_uart.o(i.HAL_UART_AbortReceiveCpltCallback), (2 bytes).
    Removing stm32f1xx_hal_uart.o(i.HAL_UART_AbortReceive_IT), (92 bytes).
    Removing stm32f1xx_hal_uart.o(i.HAL_UART_AbortTransmit), (78 bytes).
    Removing stm32f1xx_hal_uart.o(i.HAL_UART_AbortTransmitCpltCallback), (2 bytes).
    Removing stm32f1xx_hal_uart.o(i.HAL_UART_AbortTransmit_IT), (84 bytes).
    Removing stm32f1xx_hal_uart.o(i.HAL_UART_Abort_IT), (172 bytes).
    Removing stm32f1xx_hal_uart.o(i.HAL_UART_DMAPause), (102 bytes).
    Removing stm32f1xx_hal_uart.o(i.HAL_UART_DMAResume), (94 bytes).
    Removing stm32f1xx_hal_uart.o(i.HAL_UART_DMAStop), (88 bytes).
    Removing stm32f1xx_hal_uart.o(i.HAL_UART_DeInit), (50 bytes).
    Removing stm32f1xx_hal_uart.o(i.HAL_UART_GetError), (4 bytes).
    Removing stm32f1xx_hal_uart.o(i.HAL_UART_GetState), (10 bytes).
    Removing stm32f1xx_hal_uart.o(i.HAL_UART_MspDeInit), (2 bytes).
    Removing stm32f1xx_hal_uart.o(i.HAL_UART_MspInit), (2 bytes).
    Removing stm32f1xx_hal_uart.o(i.HAL_UART_Receive), (184 bytes).
    Removing stm32f1xx_hal_uart.o(i.HAL_UART_Receive_DMA), (152 bytes).
    Removing stm32f1xx_hal_uart.o(i.HAL_UART_RxHalfCpltCallback), (2 bytes).
    Removing stm32f1xx_hal_uart.o(i.HAL_UART_Transmit), (186 bytes).
    Removing stm32f1xx_hal_uart.o(i.HAL_UART_Transmit_DMA), (128 bytes).
    Removing stm32f1xx_hal_uart.o(i.HAL_UART_TxHalfCpltCallback), (2 bytes).
    Removing stm32f1xx_hal_uart.o(i.UART_DMAError), (74 bytes).
    Removing stm32f1xx_hal_uart.o(i.UART_DMAReceiveCplt), (60 bytes).
    Removing stm32f1xx_hal_uart.o(i.UART_DMARxAbortCallback), (42 bytes).
    Removing stm32f1xx_hal_uart.o(i.UART_DMARxHalfCplt), (10 bytes).
    Removing stm32f1xx_hal_uart.o(i.UART_DMARxOnlyAbortCallback), (20 bytes).
    Removing stm32f1xx_hal_uart.o(i.UART_DMATransmitCplt), (46 bytes).
    Removing stm32f1xx_hal_uart.o(i.UART_DMATxAbortCallback), (42 bytes).
    Removing stm32f1xx_hal_uart.o(i.UART_DMATxHalfCplt), (10 bytes).
    Removing stm32f1xx_hal_uart.o(i.UART_DMATxOnlyAbortCallback), (20 bytes).
    Removing stm32f1xx_hal_uart.o(i.UART_EndTxTransfer), (18 bytes).
    Removing stm32f1xx_hal_uart.o(i.UART_WaitOnFlagUntilTimeout), (100 bytes).
    Removing system_stm32f1xx.o(.rev16_text), (4 bytes).
    Removing system_stm32f1xx.o(.revsh_text), (4 bytes).
    Removing system_stm32f1xx.o(.rrx_text), (6 bytes).
    Removing system_stm32f1xx.o(i.SystemCoreClockUpdate), (104 bytes).

493 unused section(s) (total 35671 bytes) removed from the image.

==============================================================================

Image Symbol Table

    Local Symbols

    Symbol Name                              Value     Ov Type        Size  Object(Section)

    ../Drivers/STM32F1xx_HAL_Driver/Src/stm32f1xx_hal.c 0x00000000   Number         0  stm32f1xx_hal.o ABSOLUTE
    ../Drivers/STM32F1xx_HAL_Driver/Src/stm32f1xx_hal_adc.c 0x00000000   Number         0  stm32f1xx_hal_adc.o ABSOLUTE
    ../Drivers/STM32F1xx_HAL_Driver/Src/stm32f1xx_hal_adc_ex.c 0x00000000   Number         0  stm32f1xx_hal_adc_ex.o ABSOLUTE
    ../Drivers/STM32F1xx_HAL_Driver/Src/stm32f1xx_hal_cortex.c 0x00000000   Number         0  stm32f1xx_hal_cortex.o ABSOLUTE
    ../Drivers/STM32F1xx_HAL_Driver/Src/stm32f1xx_hal_dma.c 0x00000000   Number         0  stm32f1xx_hal_dma.o ABSOLUTE
    ../Drivers/STM32F1xx_HAL_Driver/Src/stm32f1xx_hal_exti.c 0x00000000   Number         0  stm32f1xx_hal_exti.o ABSOLUTE
    ../Drivers/STM32F1xx_HAL_Driver/Src/stm32f1xx_hal_flash.c 0x00000000   Number         0  stm32f1xx_hal_flash.o ABSOLUTE
    ../Drivers/STM32F1xx_HAL_Driver/Src/stm32f1xx_hal_flash_ex.c 0x00000000   Number         0  stm32f1xx_hal_flash_ex.o ABSOLUTE
    ../Drivers/STM32F1xx_HAL_Driver/Src/stm32f1xx_hal_gpio.c 0x00000000   Number         0  stm32f1xx_hal_gpio.o ABSOLUTE
    ../Drivers/STM32F1xx_HAL_Driver/Src/stm32f1xx_hal_gpio_ex.c 0x00000000   Number         0  stm32f1xx_hal_gpio_ex.o ABSOLUTE
    ../Drivers/STM32F1xx_HAL_Driver/Src/stm32f1xx_hal_i2c.c 0x00000000   Number         0  stm32f1xx_hal_i2c.o ABSOLUTE
    ../Drivers/STM32F1xx_HAL_Driver/Src/stm32f1xx_hal_pwr.c 0x00000000   Number         0  stm32f1xx_hal_pwr.o ABSOLUTE
    ../Drivers/STM32F1xx_HAL_Driver/Src/stm32f1xx_hal_rcc.c 0x00000000   Number         0  stm32f1xx_hal_rcc.o ABSOLUTE
    ../Drivers/STM32F1xx_HAL_Driver/Src/stm32f1xx_hal_rcc_ex.c 0x00000000   Number         0  stm32f1xx_hal_rcc_ex.o ABSOLUTE
    ../Drivers/STM32F1xx_HAL_Driver/Src/stm32f1xx_hal_rtc.c 0x00000000   Number         0  stm32f1xx_hal_rtc.o ABSOLUTE
    ../Drivers/STM32F1xx_HAL_Driver/Src/stm32f1xx_hal_rtc_ex.c 0x00000000   Number         0  stm32f1xx_hal_rtc_ex.o ABSOLUTE
    ../Drivers/STM32F1xx_HAL_Driver/Src/stm32f1xx_hal_tim.c 0x00000000   Number         0  stm32f1xx_hal_tim.o ABSOLUTE
    ../Drivers/STM32F1xx_HAL_Driver/Src/stm32f1xx_hal_tim_ex.c 0x00000000   Number         0  stm32f1xx_hal_tim_ex.o ABSOLUTE
    ../Drivers/STM32F1xx_HAL_Driver/Src/stm32f1xx_hal_uart.c 0x00000000   Number         0  stm32f1xx_hal_uart.o ABSOLUTE
    ../Src/main.c                            0x00000000   Number         0  main.o ABSOLUTE
    ../Src/stm32f1xx_hal_msp.c               0x00000000   Number         0  stm32f1xx_hal_msp.o ABSOLUTE
    ../Src/stm32f1xx_it.c                    0x00000000   Number         0  stm32f1xx_it.o ABSOLUTE
    ../Src/system_stm32f1xx.c                0x00000000   Number         0  system_stm32f1xx.o ABSOLUTE
    ../clib/microlib/init/entry.s            0x00000000   Number         0  entry.o ABSOLUTE
    ../clib/microlib/init/entry.s            0x00000000   Number         0  entry10b.o ABSOLUTE
    ../clib/microlib/init/entry.s            0x00000000   Number         0  entry5.o ABSOLUTE
    ../clib/microlib/init/entry.s            0x00000000   Number         0  entry11b.o ABSOLUTE
    ../clib/microlib/init/entry.s            0x00000000   Number         0  entry7a.o ABSOLUTE
    ../clib/microlib/init/entry.s            0x00000000   Number         0  entry11a.o ABSOLUTE
    ../clib/microlib/init/entry.s            0x00000000   Number         0  entry10a.o ABSOLUTE
    ../clib/microlib/init/entry.s            0x00000000   Number         0  entry9b.o ABSOLUTE
    ../clib/microlib/init/entry.s            0x00000000   Number         0  entry7b.o ABSOLUTE
    ../clib/microlib/init/entry.s            0x00000000   Number         0  entry9a.o ABSOLUTE
    ../clib/microlib/init/entry.s            0x00000000   Number         0  entry8b.o ABSOLUTE
    ../clib/microlib/init/entry.s            0x00000000   Number         0  entry2.o ABSOLUTE
    ../clib/microlib/init/entry.s            0x00000000   Number         0  entry8a.o ABSOLUTE
    ../clib/microlib/longlong.c              0x00000000   Number         0  llushr.o ABSOLUTE
    ../clib/microlib/string/memset.c         0x00000000   Number         0  memseta.o ABSOLUTE
    ..\Drivers\STM32F1xx_HAL_Driver\Src\stm32f1xx_hal.c 0x00000000   Number         0  stm32f1xx_hal.o ABSOLUTE
    ..\Drivers\STM32F1xx_HAL_Driver\Src\stm32f1xx_hal_adc.c 0x00000000   Number         0  stm32f1xx_hal_adc.o ABSOLUTE
    ..\Drivers\STM32F1xx_HAL_Driver\Src\stm32f1xx_hal_adc_ex.c 0x00000000   Number         0  stm32f1xx_hal_adc_ex.o ABSOLUTE
    ..\Drivers\STM32F1xx_HAL_Driver\Src\stm32f1xx_hal_cortex.c 0x00000000   Number         0  stm32f1xx_hal_cortex.o ABSOLUTE
    ..\Drivers\STM32F1xx_HAL_Driver\Src\stm32f1xx_hal_dma.c 0x00000000   Number         0  stm32f1xx_hal_dma.o ABSOLUTE
    ..\Drivers\STM32F1xx_HAL_Driver\Src\stm32f1xx_hal_exti.c 0x00000000   Number         0  stm32f1xx_hal_exti.o ABSOLUTE
    ..\Drivers\STM32F1xx_HAL_Driver\Src\stm32f1xx_hal_flash.c 0x00000000   Number         0  stm32f1xx_hal_flash.o ABSOLUTE
    ..\Drivers\STM32F1xx_HAL_Driver\Src\stm32f1xx_hal_flash_ex.c 0x00000000   Number         0  stm32f1xx_hal_flash_ex.o ABSOLUTE
    ..\Drivers\STM32F1xx_HAL_Driver\Src\stm32f1xx_hal_gpio.c 0x00000000   Number         0  stm32f1xx_hal_gpio.o ABSOLUTE
    ..\Drivers\STM32F1xx_HAL_Driver\Src\stm32f1xx_hal_gpio_ex.c 0x00000000   Number         0  stm32f1xx_hal_gpio_ex.o ABSOLUTE
    ..\Drivers\STM32F1xx_HAL_Driver\Src\stm32f1xx_hal_i2c.c 0x00000000   Number         0  stm32f1xx_hal_i2c.o ABSOLUTE
    ..\Drivers\STM32F1xx_HAL_Driver\Src\stm32f1xx_hal_pwr.c 0x00000000   Number         0  stm32f1xx_hal_pwr.o ABSOLUTE
    ..\Drivers\STM32F1xx_HAL_Driver\Src\stm32f1xx_hal_rcc.c 0x00000000   Number         0  stm32f1xx_hal_rcc.o ABSOLUTE
    ..\Drivers\STM32F1xx_HAL_Driver\Src\stm32f1xx_hal_rcc_ex.c 0x00000000   Number         0  stm32f1xx_hal_rcc_ex.o ABSOLUTE
    ..\Drivers\STM32F1xx_HAL_Driver\Src\stm32f1xx_hal_rtc.c 0x00000000   Number         0  stm32f1xx_hal_rtc.o ABSOLUTE
    ..\Drivers\STM32F1xx_HAL_Driver\Src\stm32f1xx_hal_rtc_ex.c 0x00000000   Number         0  stm32f1xx_hal_rtc_ex.o ABSOLUTE
    ..\Drivers\STM32F1xx_HAL_Driver\Src\stm32f1xx_hal_tim.c 0x00000000   Number         0  stm32f1xx_hal_tim.o ABSOLUTE
    ..\Drivers\STM32F1xx_HAL_Driver\Src\stm32f1xx_hal_tim_ex.c 0x00000000   Number         0  stm32f1xx_hal_tim_ex.o ABSOLUTE
    ..\Drivers\STM32F1xx_HAL_Driver\Src\stm32f1xx_hal_uart.c 0x00000000   Number         0  stm32f1xx_hal_uart.o ABSOLUTE
    ..\Src\ATS.c                             0x00000000   Number         0  ats.o ABSOLUTE
    ..\Src\main.c                            0x00000000   Number         0  main.o ABSOLUTE
    ..\Src\stm32f1xx_hal_msp.c               0x00000000   Number         0  stm32f1xx_hal_msp.o ABSOLUTE
    ..\Src\stm32f1xx_it.c                    0x00000000   Number         0  stm32f1xx_it.o ABSOLUTE
    ..\Src\surus.c                           0x00000000   Number         0  surus.o ABSOLUTE
    ..\Src\system_stm32f1xx.c                0x00000000   Number         0  system_stm32f1xx.o ABSOLUTE
    ..\Src\xbee.c                            0x00000000   Number         0  xbee.o ABSOLUTE
    ..\\Src\\ATS.c                           0x00000000   Number         0  ats.o ABSOLUTE
    ..\\Src\\surus.c                         0x00000000   Number         0  surus.o ABSOLUTE
    ..\\Src\\xbee.c                          0x00000000   Number         0  xbee.o ABSOLUTE
    dc.s                                     0x00000000   Number         0  dc.o ABSOLUTE
    handlers.s                               0x00000000   Number         0  handlers.o ABSOLUTE
    init.s                                   0x00000000   Number         0  init.o ABSOLUTE
    startup_stm32f103xb.s                    0x00000000   Number         0  startup_stm32f103xb.o ABSOLUTE
    RESET                                    0x08000000   Section      236  startup_stm32f103xb.o(RESET)
    .ARM.Collect$$$$00000000                 0x080000ec   Section        0  entry.o(.ARM.Collect$$$$00000000)
    .ARM.Collect$$$$00000001                 0x080000ec   Section        4  entry2.o(.ARM.Collect$$$$00000001)
    .ARM.Collect$$$$00000004                 0x080000f0   Section        4  entry5.o(.ARM.Collect$$$$00000004)
    .ARM.Collect$$$$00000008                 0x080000f4   Section        0  entry7b.o(.ARM.Collect$$$$00000008)
    .ARM.Collect$$$$0000000A                 0x080000f4   Section        0  entry8b.o(.ARM.Collect$$$$0000000A)
    .ARM.Collect$$$$0000000B                 0x080000f4   Section        8  entry9a.o(.ARM.Collect$$$$0000000B)
    .ARM.Collect$$$$0000000D                 0x080000fc   Section        0  entry10a.o(.ARM.Collect$$$$0000000D)
    .ARM.Collect$$$$0000000F                 0x080000fc   Section        0  entry11a.o(.ARM.Collect$$$$0000000F)
    .ARM.Collect$$$$00002712                 0x080000fc   Section        4  entry2.o(.ARM.Collect$$$$00002712)
    __lit__00000000                          0x080000fc   Data           4  entry2.o(.ARM.Collect$$$$00002712)
    .text                                    0x08000100   Section       36  startup_stm32f103xb.o(.text)
    .text                                    0x08000124   Section        0  memseta.o(.text)
    .text                                    0x08000148   Section       36  init.o(.text)
    i.ADC1_2_IRQHandler                      0x0800016c   Section        0  stm32f1xx_it.o(i.ADC1_2_IRQHandler)
    i.ADC_ConversionStop_Disable             0x08000230   Section        0  stm32f1xx_hal_adc.o(i.ADC_ConversionStop_Disable)
    i.AtsMkninit                             0x0800027c   Section        0  ats.o(i.AtsMkninit)
    i.BusFault_Handler                       0x080002a4   Section        0  stm32f1xx_it.o(i.BusFault_Handler)
    i.DebugMon_Handler                       0x080002a6   Section        0  stm32f1xx_it.o(i.DebugMon_Handler)
    i.EXTI0_IRQHandler                       0x080002a8   Section        0  stm32f1xx_it.o(i.EXTI0_IRQHandler)
    i.EXTI15_10_IRQHandler                   0x08000354   Section        0  stm32f1xx_it.o(i.EXTI15_10_IRQHandler)
    i.EXTI1_IRQHandler                       0x08000388   Section        0  stm32f1xx_it.o(i.EXTI1_IRQHandler)
    i.EXTI2_IRQHandler                       0x0800038e   Section        0  stm32f1xx_it.o(i.EXTI2_IRQHandler)
    i.EXTI3_IRQHandler                       0x08000394   Section        0  stm32f1xx_it.o(i.EXTI3_IRQHandler)
    i.EXTI4_IRQHandler                       0x080003e0   Section        0  stm32f1xx_it.o(i.EXTI4_IRQHandler)
    i.EXTI9_5_IRQHandler                     0x0800041c   Section        0  stm32f1xx_it.o(i.EXTI9_5_IRQHandler)
    i.Error_Handler                          0x080004a0   Section        0  main.o(i.Error_Handler)
    i.HAL_ADCEx_InjectedConvCpltCallback     0x080004a2   Section        0  stm32f1xx_hal_adc_ex.o(i.HAL_ADCEx_InjectedConvCpltCallback)
    i.HAL_ADC_ConfigChannel                  0x080004a4   Section        0  stm32f1xx_hal_adc.o(i.HAL_ADC_ConfigChannel)
    i.HAL_ADC_ConvCpltCallback               0x080005a0   Section        0  stm32f1xx_hal_adc.o(i.HAL_ADC_ConvCpltCallback)
    i.HAL_ADC_IRQHandler                     0x080005a2   Section        0  stm32f1xx_hal_adc.o(i.HAL_ADC_IRQHandler)
    i.HAL_ADC_Init                           0x08000688   Section        0  stm32f1xx_hal_adc.o(i.HAL_ADC_Init)
    i.HAL_ADC_LevelOutOfWindowCallback       0x080007a4   Section        0  stm32f1xx_hal_adc.o(i.HAL_ADC_LevelOutOfWindowCallback)
    i.HAL_ADC_MspInit                        0x080007a8   Section        0  stm32f1xx_hal_msp.o(i.HAL_ADC_MspInit)
    i.HAL_DMA_Abort_IT                       0x08000810   Section        0  stm32f1xx_hal_dma.o(i.HAL_DMA_Abort_IT)
    i.HAL_DMA_GetState                       0x080008a8   Section        0  stm32f1xx_hal_dma.o(i.HAL_DMA_GetState)
    i.HAL_GPIO_EXTI_Callback                 0x080008ae   Section        0  stm32f1xx_hal_gpio.o(i.HAL_GPIO_EXTI_Callback)
    i.HAL_GPIO_EXTI_IRQHandler               0x080008b0   Section        0  stm32f1xx_hal_gpio.o(i.HAL_GPIO_EXTI_IRQHandler)
    i.HAL_GPIO_Init                          0x080008c8   Section        0  stm32f1xx_hal_gpio.o(i.HAL_GPIO_Init)
    i.HAL_GPIO_WritePin                      0x08000aa8   Section        0  stm32f1xx_hal_gpio.o(i.HAL_GPIO_WritePin)
    i.HAL_GetTick                            0x08000ab4   Section        0  stm32f1xx_hal.o(i.HAL_GetTick)
    i.HAL_I2C_AbortCpltCallback              0x08000ac0   Section        0  stm32f1xx_hal_i2c.o(i.HAL_I2C_AbortCpltCallback)
    i.HAL_I2C_AddrCallback                   0x08000ac2   Section        0  stm32f1xx_hal_i2c.o(i.HAL_I2C_AddrCallback)
    i.HAL_I2C_ER_IRQHandler                  0x08000ac4   Section        0  stm32f1xx_hal_i2c.o(i.HAL_I2C_ER_IRQHandler)
    i.HAL_I2C_EV_IRQHandler                  0x08000b88   Section        0  stm32f1xx_hal_i2c.o(i.HAL_I2C_EV_IRQHandler)
    i.HAL_I2C_ErrorCallback                  0x08000de2   Section        0  stm32f1xx_hal_i2c.o(i.HAL_I2C_ErrorCallback)
    i.HAL_I2C_Init                           0x08000de4   Section        0  stm32f1xx_hal_i2c.o(i.HAL_I2C_Init)
    i.HAL_I2C_ListenCpltCallback             0x08000f58   Section        0  stm32f1xx_hal_i2c.o(i.HAL_I2C_ListenCpltCallback)
    i.HAL_I2C_MasterRxCpltCallback           0x08000f5c   Section        0  ats.o(i.HAL_I2C_MasterRxCpltCallback)
    i.HAL_I2C_MasterTxCpltCallback           0x08000ff8   Section        0  ats.o(i.HAL_I2C_MasterTxCpltCallback)
    i.HAL_I2C_Master_Receive_IT              0x08001044   Section        0  stm32f1xx_hal_i2c.o(i.HAL_I2C_Master_Receive_IT)
    i.HAL_I2C_Master_Transmit_IT             0x0800110c   Section        0  stm32f1xx_hal_i2c.o(i.HAL_I2C_Master_Transmit_IT)
    i.HAL_I2C_MemRxCpltCallback              0x080011c8   Section        0  stm32f1xx_hal_i2c.o(i.HAL_I2C_MemRxCpltCallback)
    i.HAL_I2C_MemTxCpltCallback              0x080011ca   Section        0  stm32f1xx_hal_i2c.o(i.HAL_I2C_MemTxCpltCallback)
    i.HAL_I2C_MspInit                        0x080011cc   Section        0  stm32f1xx_hal_msp.o(i.HAL_I2C_MspInit)
    i.HAL_I2C_SlaveRxCpltCallback            0x0800125c   Section        0  stm32f1xx_hal_i2c.o(i.HAL_I2C_SlaveRxCpltCallback)
    i.HAL_I2C_SlaveTxCpltCallback            0x0800125e   Section        0  stm32f1xx_hal_i2c.o(i.HAL_I2C_SlaveTxCpltCallback)
    i.HAL_IncTick                            0x08001260   Section        0  stm32f1xx_hal.o(i.HAL_IncTick)
    i.HAL_Init                               0x08001270   Section        0  stm32f1xx_hal.o(i.HAL_Init)
    i.HAL_InitTick                           0x08001294   Section        0  stm32f1xx_hal.o(i.HAL_InitTick)
    i.HAL_MspInit                            0x080012d4   Section        0  stm32f1xx_hal_msp.o(i.HAL_MspInit)
    i.HAL_NVIC_EnableIRQ                     0x08001310   Section        0  stm32f1xx_hal_cortex.o(i.HAL_NVIC_EnableIRQ)
    i.HAL_NVIC_SetPriority                   0x0800132c   Section        0  stm32f1xx_hal_cortex.o(i.HAL_NVIC_SetPriority)
    i.HAL_NVIC_SetPriorityGrouping           0x0800136c   Section        0  stm32f1xx_hal_cortex.o(i.HAL_NVIC_SetPriorityGrouping)
    i.HAL_PWR_EnableBkUpAccess               0x08001390   Section        0  stm32f1xx_hal_pwr.o(i.HAL_PWR_EnableBkUpAccess)
    i.HAL_RCCEx_GetPeriphCLKFreq             0x0800139c   Section        0  stm32f1xx_hal_rcc_ex.o(i.HAL_RCCEx_GetPeriphCLKFreq)
    i.HAL_RCCEx_PeriphCLKConfig              0x08001464   Section        0  stm32f1xx_hal_rcc_ex.o(i.HAL_RCCEx_PeriphCLKConfig)
    i.HAL_RCC_ClockConfig                    0x08001550   Section        0  stm32f1xx_hal_rcc.o(i.HAL_RCC_ClockConfig)
    i.HAL_RCC_GetPCLK1Freq                   0x0800167c   Section        0  stm32f1xx_hal_rcc.o(i.HAL_RCC_GetPCLK1Freq)
    i.HAL_RCC_GetPCLK2Freq                   0x0800169c   Section        0  stm32f1xx_hal_rcc.o(i.HAL_RCC_GetPCLK2Freq)
    i.HAL_RCC_GetSysClockFreq                0x080016bc   Section        0  stm32f1xx_hal_rcc.o(i.HAL_RCC_GetSysClockFreq)
    i.HAL_RCC_OscConfig                      0x08001728   Section        0  stm32f1xx_hal_rcc.o(i.HAL_RCC_OscConfig)
    i.HAL_RTC_Init                           0x08001a48   Section        0  stm32f1xx_hal_rtc.o(i.HAL_RTC_Init)
    i.HAL_RTC_MspInit                        0x08001ae8   Section        0  stm32f1xx_hal_msp.o(i.HAL_RTC_MspInit)
    i.HAL_RTC_WaitForSynchro                 0x08001b1c   Section        0  stm32f1xx_hal_rtc.o(i.HAL_RTC_WaitForSynchro)
    i.HAL_SYSTICK_Config                     0x08001b56   Section        0  stm32f1xx_hal_cortex.o(i.HAL_SYSTICK_Config)
    i.HAL_TIMEx_BreakCallback                0x08001b7e   Section        0  stm32f1xx_hal_tim_ex.o(i.HAL_TIMEx_BreakCallback)
    i.HAL_TIMEx_CommutCallback               0x08001b80   Section        0  stm32f1xx_hal_tim_ex.o(i.HAL_TIMEx_CommutCallback)
    i.HAL_TIMEx_MasterConfigSynchronization  0x08001b82   Section        0  stm32f1xx_hal_tim_ex.o(i.HAL_TIMEx_MasterConfigSynchronization)
    i.HAL_TIM_Base_Init                      0x08001bc4   Section        0  stm32f1xx_hal_tim.o(i.HAL_TIM_Base_Init)
    i.HAL_TIM_Base_MspInit                   0x08001bfc   Section        0  stm32f1xx_hal_msp.o(i.HAL_TIM_Base_MspInit)
    i.HAL_TIM_ConfigClockSource              0x08001cac   Section        0  stm32f1xx_hal_tim.o(i.HAL_TIM_ConfigClockSource)
    i.HAL_TIM_IC_CaptureCallback             0x08001d82   Section        0  stm32f1xx_hal_tim.o(i.HAL_TIM_IC_CaptureCallback)
    i.HAL_TIM_IRQHandler                     0x08001d84   Section        0  stm32f1xx_hal_tim.o(i.HAL_TIM_IRQHandler)
    i.HAL_TIM_MspPostInit                    0x08001eec   Section        0  stm32f1xx_hal_msp.o(i.HAL_TIM_MspPostInit)
    i.HAL_TIM_OC_DelayElapsedCallback        0x08001f50   Section        0  stm32f1xx_hal_tim.o(i.HAL_TIM_OC_DelayElapsedCallback)
    i.HAL_TIM_PWM_ConfigChannel              0x08001f52   Section        0  stm32f1xx_hal_tim.o(i.HAL_TIM_PWM_ConfigChannel)
    i.HAL_TIM_PWM_Init                       0x08002022   Section        0  stm32f1xx_hal_tim.o(i.HAL_TIM_PWM_Init)
    i.HAL_TIM_PWM_MspInit                    0x08002058   Section        0  stm32f1xx_hal_tim.o(i.HAL_TIM_PWM_MspInit)
    i.HAL_TIM_PWM_PulseFinishedCallback      0x0800205a   Section        0  stm32f1xx_hal_tim.o(i.HAL_TIM_PWM_PulseFinishedCallback)
    i.HAL_TIM_PeriodElapsedCallback          0x0800205c   Section        0  stm32f1xx_hal_tim.o(i.HAL_TIM_PeriodElapsedCallback)
    i.HAL_TIM_TriggerCallback                0x0800205e   Section        0  stm32f1xx_hal_tim.o(i.HAL_TIM_TriggerCallback)
    i.HAL_UART_ErrorCallback                 0x08002060   Section        0  stm32f1xx_hal_uart.o(i.HAL_UART_ErrorCallback)
    i.HAL_UART_IRQHandler                    0x08002064   Section        0  stm32f1xx_hal_uart.o(i.HAL_UART_IRQHandler)
    i.HAL_UART_Init                          0x08002174   Section        0  stm32f1xx_hal_uart.o(i.HAL_UART_Init)
    i.HAL_UART_MspInit                       0x080021d8   Section        0  stm32f1xx_hal_msp.o(i.HAL_UART_MspInit)
    i.HAL_UART_Receive_IT                    0x0800230c   Section        0  stm32f1xx_hal_uart.o(i.HAL_UART_Receive_IT)
    i.HAL_UART_RxCpltCallback                0x0800235e   Section        0  stm32f1xx_hal_uart.o(i.HAL_UART_RxCpltCallback)
    i.HAL_UART_Transmit_IT                   0x08002360   Section        0  stm32f1xx_hal_uart.o(i.HAL_UART_Transmit_IT)
    i.HAL_UART_TxCpltCallback                0x0800239e   Section        0  stm32f1xx_hal_uart.o(i.HAL_UART_TxCpltCallback)
    i.HardFault_Handler                      0x080023a0   Section        0  stm32f1xx_it.o(i.HardFault_Handler)
    i.I2C1_ER_IRQHandler                     0x080023a4   Section        0  stm32f1xx_it.o(i.I2C1_ER_IRQHandler)
    i.I2C1_EV_IRQHandler                     0x080023b0   Section        0  stm32f1xx_it.o(i.I2C1_EV_IRQHandler)
    i.I2C_DMAAbort                           0x080023bc   Section        0  stm32f1xx_hal_i2c.o(i.I2C_DMAAbort)
    I2C_DMAAbort                             0x080023bd   Thumb Code   126  stm32f1xx_hal_i2c.o(i.I2C_DMAAbort)
    i.I2C_ITError                            0x0800243c   Section        0  stm32f1xx_hal_i2c.o(i.I2C_ITError)
    I2C_ITError                              0x0800243d   Thumb Code   312  stm32f1xx_hal_i2c.o(i.I2C_ITError)
    i.I2C_MasterReceive_BTF                  0x0800257c   Section        0  stm32f1xx_hal_i2c.o(i.I2C_MasterReceive_BTF)
    I2C_MasterReceive_BTF                    0x0800257d   Thumb Code   210  stm32f1xx_hal_i2c.o(i.I2C_MasterReceive_BTF)
    i.I2C_MasterReceive_RXNE                 0x0800264e   Section        0  stm32f1xx_hal_i2c.o(i.I2C_MasterReceive_RXNE)
    I2C_MasterReceive_RXNE                   0x0800264f   Thumb Code   146  stm32f1xx_hal_i2c.o(i.I2C_MasterReceive_RXNE)
    i.I2C_MasterTransmit_BTF                 0x080026e0   Section        0  stm32f1xx_hal_i2c.o(i.I2C_MasterTransmit_BTF)
    I2C_MasterTransmit_BTF                   0x080026e1   Thumb Code   130  stm32f1xx_hal_i2c.o(i.I2C_MasterTransmit_BTF)
    i.I2C_MasterTransmit_TXE                 0x08002764   Section        0  stm32f1xx_hal_i2c.o(i.I2C_MasterTransmit_TXE)
    I2C_MasterTransmit_TXE                   0x08002765   Thumb Code   260  stm32f1xx_hal_i2c.o(i.I2C_MasterTransmit_TXE)
    i.I2C_Master_ADDR                        0x08002868   Section        0  stm32f1xx_hal_i2c.o(i.I2C_Master_ADDR)
    I2C_Master_ADDR                          0x08002869   Thumb Code   340  stm32f1xx_hal_i2c.o(i.I2C_Master_ADDR)
    i.I2C_Master_SB                          0x080029c0   Section        0  stm32f1xx_hal_i2c.o(i.I2C_Master_SB)
    I2C_Master_SB                            0x080029c1   Thumb Code   142  stm32f1xx_hal_i2c.o(i.I2C_Master_SB)
    i.I2C_Slave_AF                           0x08002a50   Section        0  stm32f1xx_hal_i2c.o(i.I2C_Slave_AF)
    I2C_Slave_AF                             0x08002a51   Thumb Code   126  stm32f1xx_hal_i2c.o(i.I2C_Slave_AF)
    i.I2C_Slave_STOPF                        0x08002ad4   Section        0  stm32f1xx_hal_i2c.o(i.I2C_Slave_STOPF)
    I2C_Slave_STOPF                          0x08002ad5   Thumb Code   338  stm32f1xx_hal_i2c.o(i.I2C_Slave_STOPF)
    i.MX_ADC1_Init                           0x08002c30   Section        0  main.o(i.MX_ADC1_Init)
    MX_ADC1_Init                             0x08002c31   Thumb Code    56  main.o(i.MX_ADC1_Init)
    i.MX_GPIO_Init                           0x08002c70   Section        0  main.o(i.MX_GPIO_Init)
    MX_GPIO_Init                             0x08002c71   Thumb Code   408  main.o(i.MX_GPIO_Init)
    i.MX_TIM1_Init                           0x08002e20   Section        0  main.o(i.MX_TIM1_Init)
    MX_TIM1_Init                             0x08002e21   Thumb Code    76  main.o(i.MX_TIM1_Init)
    i.MX_TIM2_Init                           0x08002e74   Section        0  main.o(i.MX_TIM2_Init)
    MX_TIM2_Init                             0x08002e75   Thumb Code    76  main.o(i.MX_TIM2_Init)
    i.MX_TIM3_Init                           0x08002ec4   Section        0  main.o(i.MX_TIM3_Init)
    MX_TIM3_Init                             0x08002ec5   Thumb Code   152  main.o(i.MX_TIM3_Init)
    i.MX_TIM4_Init                           0x08002f64   Section        0  main.o(i.MX_TIM4_Init)
    MX_TIM4_Init                             0x08002f65   Thumb Code    74  main.o(i.MX_TIM4_Init)
    i.MemManage_Handler                      0x08002fb8   Section        0  stm32f1xx_it.o(i.MemManage_Handler)
    i.NMI_Handler                            0x08002fba   Section        0  stm32f1xx_it.o(i.NMI_Handler)
    i.PendSV_Handler                         0x08002fbc   Section        0  stm32f1xx_it.o(i.PendSV_Handler)
    i.RTC_EnterInitMode                      0x08002fbe   Section        0  stm32f1xx_hal_rtc.o(i.RTC_EnterInitMode)
    RTC_EnterInitMode                        0x08002fbf   Thumb Code    52  stm32f1xx_hal_rtc.o(i.RTC_EnterInitMode)
    i.RTC_ExitInitMode                       0x08002ff4   Section        0  stm32f1xx_hal_rtc.o(i.RTC_ExitInitMode)
    RTC_ExitInitMode                         0x08002ff5   Thumb Code    54  stm32f1xx_hal_rtc.o(i.RTC_ExitInitMode)
    i.SVC_Handler                            0x0800302a   Section        0  stm32f1xx_it.o(i.SVC_Handler)
    i.SysTick_Handler                        0x0800302c   Section        0  stm32f1xx_it.o(i.SysTick_Handler)
    i.SystemClock_Config                     0x08003030   Section        0  main.o(i.SystemClock_Config)
    i.SystemInit                             0x0800309c   Section        0  system_stm32f1xx.o(i.SystemInit)
    i.TIM1_UP_IRQHandler                     0x080030e4   Section        0  stm32f1xx_it.o(i.TIM1_UP_IRQHandler)
    i.TIM2_IRQHandler                        0x080030fc   Section        0  stm32f1xx_it.o(i.TIM2_IRQHandler)
    i.TIM3_IRQHandler                        0x080031bc   Section        0  stm32f1xx_it.o(i.TIM3_IRQHandler)
    i.TIM4_IRQHandler                        0x080031c8   Section        0  stm32f1xx_it.o(i.TIM4_IRQHandler)
    i.TIM_Base_SetConfig                     0x080031ec   Section        0  stm32f1xx_hal_tim.o(i.TIM_Base_SetConfig)
    i.TIM_ETR_SetConfig                      0x08003258   Section        0  stm32f1xx_hal_tim.o(i.TIM_ETR_SetConfig)
    i.TIM_ITRx_SetConfig                     0x0800326c   Section        0  stm32f1xx_hal_tim.o(i.TIM_ITRx_SetConfig)
    TIM_ITRx_SetConfig                       0x0800326d   Thumb Code    16  stm32f1xx_hal_tim.o(i.TIM_ITRx_SetConfig)
    i.TIM_OC1_SetConfig                      0x0800327c   Section        0  stm32f1xx_hal_tim.o(i.TIM_OC1_SetConfig)
    TIM_OC1_SetConfig                        0x0800327d   Thumb Code    74  stm32f1xx_hal_tim.o(i.TIM_OC1_SetConfig)
    i.TIM_OC2_SetConfig                      0x080032cc   Section        0  stm32f1xx_hal_tim.o(i.TIM_OC2_SetConfig)
    i.TIM_OC3_SetConfig                      0x08003324   Section        0  stm32f1xx_hal_tim.o(i.TIM_OC3_SetConfig)
    TIM_OC3_SetConfig                        0x08003325   Thumb Code    82  stm32f1xx_hal_tim.o(i.TIM_OC3_SetConfig)
    i.TIM_OC4_SetConfig                      0x0800337c   Section        0  stm32f1xx_hal_tim.o(i.TIM_OC4_SetConfig)
    TIM_OC4_SetConfig                        0x0800337d   Thumb Code    64  stm32f1xx_hal_tim.o(i.TIM_OC4_SetConfig)
    i.TIM_TI1_ConfigInputStage               0x080033c0   Section        0  stm32f1xx_hal_tim.o(i.TIM_TI1_ConfigInputStage)
    TIM_TI1_ConfigInputStage                 0x080033c1   Thumb Code    34  stm32f1xx_hal_tim.o(i.TIM_TI1_ConfigInputStage)
    i.TIM_TI2_ConfigInputStage               0x080033e2   Section        0  stm32f1xx_hal_tim.o(i.TIM_TI2_ConfigInputStage)
    TIM_TI2_ConfigInputStage                 0x080033e3   Thumb Code    36  stm32f1xx_hal_tim.o(i.TIM_TI2_ConfigInputStage)
    i.UART_DMAAbortOnError                   0x08003406   Section        0  stm32f1xx_hal_uart.o(i.UART_DMAAbortOnError)
    UART_DMAAbortOnError                     0x08003407   Thumb Code    16  stm32f1xx_hal_uart.o(i.UART_DMAAbortOnError)
    i.UART_EndRxTransfer                     0x08003416   Section        0  stm32f1xx_hal_uart.o(i.UART_EndRxTransfer)
    UART_EndRxTransfer                       0x08003417   Thumb Code    28  stm32f1xx_hal_uart.o(i.UART_EndRxTransfer)
    i.UART_Receive_IT                        0x08003432   Section        0  stm32f1xx_hal_uart.o(i.UART_Receive_IT)
    UART_Receive_IT                          0x08003433   Thumb Code   150  stm32f1xx_hal_uart.o(i.UART_Receive_IT)
    i.UART_SetConfig                         0x080034c8   Section        0  stm32f1xx_hal_uart.o(i.UART_SetConfig)
    UART_SetConfig                           0x080034c9   Thumb Code   178  stm32f1xx_hal_uart.o(i.UART_SetConfig)
    i.UART_Transmit_IT                       0x08003580   Section        0  stm32f1xx_hal_uart.o(i.UART_Transmit_IT)
    UART_Transmit_IT                         0x08003581   Thumb Code    98  stm32f1xx_hal_uart.o(i.UART_Transmit_IT)
    i.USART1_IRQHandler                      0x080035e4   Section        0  stm32f1xx_it.o(i.USART1_IRQHandler)
    i.USART2_IRQHandler                      0x08003630   Section        0  stm32f1xx_it.o(i.USART2_IRQHandler)
    i.USART3_IRQHandler                      0x0800363c   Section        0  stm32f1xx_it.o(i.USART3_IRQHandler)
    i.UsageFault_Handler                     0x08003678   Section        0  stm32f1xx_it.o(i.UsageFault_Handler)
    i.__NVIC_SetPriority                     0x0800367a   Section        0  stm32f1xx_hal_cortex.o(i.__NVIC_SetPriority)
    __NVIC_SetPriority                       0x0800367b   Thumb Code    32  stm32f1xx_hal_cortex.o(i.__NVIC_SetPriority)
    i.__scatterload_copy                     0x0800369a   Section       14  handlers.o(i.__scatterload_copy)
    i.__scatterload_null                     0x080036a8   Section        2  handlers.o(i.__scatterload_null)
    i.__scatterload_zeroinit                 0x080036aa   Section       14  handlers.o(i.__scatterload_zeroinit)
    i.bldc_motor_calistir                    0x080036b8   Section        0  surus.o(i.bldc_motor_calistir)
    i.bldc_motor_durdur                      0x08003770   Section        0  surus.o(i.bldc_motor_durdur)
    i.bldc_sur                               0x080037a4   Section        0  surus.o(i.bldc_sur)
    i.direksiyon_cevir                       0x080037d8   Section        0  surus.o(i.direksiyon_cevir)
    i.direksiyon_kur                         0x08003808   Section        0  surus.o(i.direksiyon_kur)
    i.esikSetleme                            0x08003818   Section        0  ats.o(i.esikSetleme)
    i.fren_durum_kontrol                     0x08003850   Section        0  surus.o(i.fren_durum_kontrol)
    i.frenleme                               0x080038a0   Section        0  surus.o(i.frenleme)
    i.main                                   0x0800390c   Section        0  main.o(i.main)
    i.paket_dogrula                          0x08003b3c   Section        0  xbee.o(i.paket_dogrula)
    i.sayacGet                               0x08003ba4   Section        0  ats.o(i.sayacGet)
    i.sayacReset                             0x08003bb0   Section        0  ats.o(i.sayacReset)
    i.surus                                  0x08003be8   Section        0  surus.o(i.surus)
    i.veri_alma_baslat_it                    0x08003c0c   Section        0  xbee.o(i.veri_alma_baslat_it)
    i.xbee                                   0x08003c3c   Section        0  xbee.o(i.xbee)
    i.xbee_gonder                            0x08003ca4   Section        0  xbee.o(i.xbee_gonder)
    i.xbee_uart_sifirlama                    0x08003ccc   Section        0  xbee.o(i.xbee_uart_sifirlama)
    .constdata                               0x08003ce4   Section       16  system_stm32f1xx.o(.constdata)
    .constdata                               0x08003cf4   Section        8  system_stm32f1xx.o(.constdata)
    .data                                    0x20000000   Section       24  surus.o(.data)
    .data                                    0x20000018   Section        4  surus.o(.data)
    .data                                    0x2000001c   Section        4  surus.o(.data)
    .data                                    0x20000020   Section        4  surus.o(.data)
    .data                                    0x20000024   Section        4  surus.o(.data)
    .data                                    0x20000028   Section        4  surus.o(.data)
    .data                                    0x2000002c   Section       18  xbee.o(.data)
    .data                                    0x20000040   Section       16  stm32f1xx_it.o(.data)
    .data                                    0x20000050   Section       24  ats.o(.data)
    .data                                    0x20000068   Section       12  stm32f1xx_hal.o(.data)
    .data                                    0x20000074   Section        4  system_stm32f1xx.o(.data)
    .bss                                     0x20000078   Section      600  main.o(.bss)
    STACK                                    0x200002d0   Section     1024  startup_stm32f103xb.o(STACK)

    Global Symbols

    Symbol Name                              Value     Ov Type        Size  Object(Section)

    BuildAttributes$$THM_ISAv4$P$D$K$B$S$PE$A:L22UL41UL21$X:L11$S22US41US21$IEEE1$IW$USESV6$~STKCKD$USESV7$~SHL$OSPACE$EBA8$MICROLIB$REQ8$PRES8$EABIv2 0x00000000   Number         0  anon$$obj.o ABSOLUTE
    __ARM_use_no_argv                        0x00000000   Number         0  main.o ABSOLUTE
    __cpp_initialize__aeabi_                  - Undefined Weak Reference
    __cxa_finalize                            - Undefined Weak Reference
    __decompress                              - Undefined Weak Reference
    _clock_init                               - Undefined Weak Reference
    _microlib_exit                            - Undefined Weak Reference
    __Vectors_Size                           0x000000ec   Number         0  startup_stm32f103xb.o ABSOLUTE
    __Vectors                                0x08000000   Data           4  startup_stm32f103xb.o(RESET)
    __Vectors_End                            0x080000ec   Data           0  startup_stm32f103xb.o(RESET)
    __main                                   0x080000ed   Thumb Code     0  entry.o(.ARM.Collect$$$$00000000)
    _main_stk                                0x080000ed   Thumb Code     0  entry2.o(.ARM.Collect$$$$00000001)
    _main_scatterload                        0x080000f1   Thumb Code     0  entry5.o(.ARM.Collect$$$$00000004)
    __main_after_scatterload                 0x080000f5   Thumb Code     0  entry5.o(.ARM.Collect$$$$00000004)
    _main_clock                              0x080000f5   Thumb Code     0  entry7b.o(.ARM.Collect$$$$00000008)
    _main_cpp_init                           0x080000f5   Thumb Code     0  entry8b.o(.ARM.Collect$$$$0000000A)
    _main_init                               0x080000f5   Thumb Code     0  entry9a.o(.ARM.Collect$$$$0000000B)
    __rt_final_cpp                           0x080000fd   Thumb Code     0  entry10a.o(.ARM.Collect$$$$0000000D)
    __rt_final_exit                          0x080000fd   Thumb Code     0  entry11a.o(.ARM.Collect$$$$0000000F)
    Reset_Handler                            0x08000101   Thumb Code     8  startup_stm32f103xb.o(.text)
    CAN1_RX1_IRQHandler                      0x0800011b   Thumb Code     0  startup_stm32f103xb.o(.text)
    CAN1_SCE_IRQHandler                      0x0800011b   Thumb Code     0  startup_stm32f103xb.o(.text)
    DMA1_Channel1_IRQHandler                 0x0800011b   Thumb Code     0  startup_stm32f103xb.o(.text)
    DMA1_Channel2_IRQHandler                 0x0800011b   Thumb Code     0  startup_stm32f103xb.o(.text)
    DMA1_Channel3_IRQHandler                 0x0800011b   Thumb Code     0  startup_stm32f103xb.o(.text)
    DMA1_Channel4_IRQHandler                 0x0800011b   Thumb Code     0  startup_stm32f103xb.o(.text)
    DMA1_Channel5_IRQHandler                 0x0800011b   Thumb Code     0  startup_stm32f103xb.o(.text)
    DMA1_Channel6_IRQHandler                 0x0800011b   Thumb Code     0  startup_stm32f103xb.o(.text)
    DMA1_Channel7_IRQHandler                 0x0800011b   Thumb Code     0  startup_stm32f103xb.o(.text)
    FLASH_IRQHandler                         0x0800011b   Thumb Code     0  startup_stm32f103xb.o(.text)
    I2C2_ER_IRQHandler                       0x0800011b   Thumb Code     0  startup_stm32f103xb.o(.text)
    I2C2_EV_IRQHandler                       0x0800011b   Thumb Code     0  startup_stm32f103xb.o(.text)
    PVD_IRQHandler                           0x0800011b   Thumb Code     0  startup_stm32f103xb.o(.text)
    RCC_IRQHandler                           0x0800011b   Thumb Code     0  startup_stm32f103xb.o(.text)
    RTC_Alarm_IRQHandler                     0x0800011b   Thumb Code     0  startup_stm32f103xb.o(.text)
    RTC_IRQHandler                           0x0800011b   Thumb Code     0  startup_stm32f103xb.o(.text)
    SPI1_IRQHandler                          0x0800011b   Thumb Code     0  startup_stm32f103xb.o(.text)
    SPI2_IRQHandler                          0x0800011b   Thumb Code     0  startup_stm32f103xb.o(.text)
    TAMPER_IRQHandler                        0x0800011b   Thumb Code     0  startup_stm32f103xb.o(.text)
    TIM1_BRK_IRQHandler                      0x0800011b   Thumb Code     0  startup_stm32f103xb.o(.text)
    TIM1_CC_IRQHandler                       0x0800011b   Thumb Code     0  startup_stm32f103xb.o(.text)
    TIM1_TRG_COM_IRQHandler                  0x0800011b   Thumb Code     0  startup_stm32f103xb.o(.text)
    USBWakeUp_IRQHandler                     0x0800011b   Thumb Code     0  startup_stm32f103xb.o(.text)
    USB_HP_CAN1_TX_IRQHandler                0x0800011b   Thumb Code     0  startup_stm32f103xb.o(.text)
    USB_LP_CAN1_RX0_IRQHandler               0x0800011b   Thumb Code     0  startup_stm32f103xb.o(.text)
    WWDG_IRQHandler                          0x0800011b   Thumb Code     0  startup_stm32f103xb.o(.text)
    __aeabi_memset                           0x08000125   Thumb Code    14  memseta.o(.text)
    __aeabi_memset4                          0x08000125   Thumb Code     0  memseta.o(.text)
    __aeabi_memset8                          0x08000125   Thumb Code     0  memseta.o(.text)
    __aeabi_memclr                           0x08000133   Thumb Code     4  memseta.o(.text)
    __aeabi_memclr4                          0x08000133   Thumb Code     0  memseta.o(.text)
    __aeabi_memclr8                          0x08000133   Thumb Code     0  memseta.o(.text)
    _memset$wrapper                          0x08000137   Thumb Code    18  memseta.o(.text)
    __scatterload                            0x08000149   Thumb Code    28  init.o(.text)
    __scatterload_rt2                        0x08000149   Thumb Code     0  init.o(.text)
    ADC1_2_IRQHandler                        0x0800016d   Thumb Code   164  stm32f1xx_it.o(i.ADC1_2_IRQHandler)
    ADC_ConversionStop_Disable               0x08000231   Thumb Code    76  stm32f1xx_hal_adc.o(i.ADC_ConversionStop_Disable)
    AtsMkninit                               0x0800027d   Thumb Code    36  ats.o(i.AtsMkninit)
    BusFault_Handler                         0x080002a5   Thumb Code     2  stm32f1xx_it.o(i.BusFault_Handler)
    DebugMon_Handler                         0x080002a7   Thumb Code     2  stm32f1xx_it.o(i.DebugMon_Handler)
    EXTI0_IRQHandler                         0x080002a9   Thumb Code   134  stm32f1xx_it.o(i.EXTI0_IRQHandler)
    EXTI15_10_IRQHandler                     0x08000355   Thumb Code    46  stm32f1xx_it.o(i.EXTI15_10_IRQHandler)
    EXTI1_IRQHandler                         0x08000389   Thumb Code     6  stm32f1xx_it.o(i.EXTI1_IRQHandler)
    EXTI2_IRQHandler                         0x0800038f   Thumb Code     6  stm32f1xx_it.o(i.EXTI2_IRQHandler)
    EXTI3_IRQHandler                         0x08000395   Thumb Code    50  stm32f1xx_it.o(i.EXTI3_IRQHandler)
    EXTI4_IRQHandler                         0x080003e1   Thumb Code    40  stm32f1xx_it.o(i.EXTI4_IRQHandler)
    EXTI9_5_IRQHandler                       0x0800041d   Thumb Code   102  stm32f1xx_it.o(i.EXTI9_5_IRQHandler)
    Error_Handler                            0x080004a1   Thumb Code     2  main.o(i.Error_Handler)
    HAL_ADCEx_InjectedConvCpltCallback       0x080004a3   Thumb Code     2  stm32f1xx_hal_adc_ex.o(i.HAL_ADCEx_InjectedConvCpltCallback)
    HAL_ADC_ConfigChannel                    0x080004a5   Thumb Code   240  stm32f1xx_hal_adc.o(i.HAL_ADC_ConfigChannel)
    HAL_ADC_ConvCpltCallback                 0x080005a1   Thumb Code     2  stm32f1xx_hal_adc.o(i.HAL_ADC_ConvCpltCallback)
    HAL_ADC_IRQHandler                       0x080005a3   Thumb Code   230  stm32f1xx_hal_adc.o(i.HAL_ADC_IRQHandler)
    HAL_ADC_Init                             0x08000689   Thumb Code   272  stm32f1xx_hal_adc.o(i.HAL_ADC_Init)
    HAL_ADC_LevelOutOfWindowCallback         0x080007a5   Thumb Code     2  stm32f1xx_hal_adc.o(i.HAL_ADC_LevelOutOfWindowCallback)
    HAL_ADC_MspInit                          0x080007a9   Thumb Code    92  stm32f1xx_hal_msp.o(i.HAL_ADC_MspInit)
    HAL_DMA_Abort_IT                         0x08000811   Thumb Code   148  stm32f1xx_hal_dma.o(i.HAL_DMA_Abort_IT)
    HAL_DMA_GetState                         0x080008a9   Thumb Code     6  stm32f1xx_hal_dma.o(i.HAL_DMA_GetState)
    HAL_GPIO_EXTI_Callback                   0x080008af   Thumb Code     2  stm32f1xx_hal_gpio.o(i.HAL_GPIO_EXTI_Callback)
    HAL_GPIO_EXTI_IRQHandler                 0x080008b1   Thumb Code    18  stm32f1xx_hal_gpio.o(i.HAL_GPIO_EXTI_IRQHandler)
    HAL_GPIO_Init                            0x080008c9   Thumb Code   446  stm32f1xx_hal_gpio.o(i.HAL_GPIO_Init)
    HAL_GPIO_WritePin                        0x08000aa9   Thumb Code    10  stm32f1xx_hal_gpio.o(i.HAL_GPIO_WritePin)
    HAL_GetTick                              0x08000ab5   Thumb Code     6  stm32f1xx_hal.o(i.HAL_GetTick)
    HAL_I2C_AbortCpltCallback                0x08000ac1   Thumb Code     2  stm32f1xx_hal_i2c.o(i.HAL_I2C_AbortCpltCallback)
    HAL_I2C_AddrCallback                     0x08000ac3   Thumb Code     2  stm32f1xx_hal_i2c.o(i.HAL_I2C_AddrCallback)
    HAL_I2C_ER_IRQHandler                    0x08000ac5   Thumb Code   196  stm32f1xx_hal_i2c.o(i.HAL_I2C_ER_IRQHandler)
    HAL_I2C_EV_IRQHandler                    0x08000b89   Thumb Code   602  stm32f1xx_hal_i2c.o(i.HAL_I2C_EV_IRQHandler)
    HAL_I2C_ErrorCallback                    0x08000de3   Thumb Code     2  stm32f1xx_hal_i2c.o(i.HAL_I2C_ErrorCallback)
    HAL_I2C_Init                             0x08000de5   Thumb Code   356  stm32f1xx_hal_i2c.o(i.HAL_I2C_Init)
    HAL_I2C_ListenCpltCallback               0x08000f59   Thumb Code     2  stm32f1xx_hal_i2c.o(i.HAL_I2C_ListenCpltCallback)
    HAL_I2C_MasterRxCpltCallback             0x08000f5d   Thumb Code   150  ats.o(i.HAL_I2C_MasterRxCpltCallback)
    HAL_I2C_MasterTxCpltCallback             0x08000ff9   Thumb Code    70  ats.o(i.HAL_I2C_MasterTxCpltCallback)
    HAL_I2C_Master_Receive_IT                0x08001045   Thumb Code   190  stm32f1xx_hal_i2c.o(i.HAL_I2C_Master_Receive_IT)
    HAL_I2C_Master_Transmit_IT               0x0800110d   Thumb Code   180  stm32f1xx_hal_i2c.o(i.HAL_I2C_Master_Transmit_IT)
    HAL_I2C_MemRxCpltCallback                0x080011c9   Thumb Code     2  stm32f1xx_hal_i2c.o(i.HAL_I2C_MemRxCpltCallback)
    HAL_I2C_MemTxCpltCallback                0x080011cb   Thumb Code     2  stm32f1xx_hal_i2c.o(i.HAL_I2C_MemTxCpltCallback)
    HAL_I2C_MspInit                          0x080011cd   Thumb Code   128  stm32f1xx_hal_msp.o(i.HAL_I2C_MspInit)
    HAL_I2C_SlaveRxCpltCallback              0x0800125d   Thumb Code     2  stm32f1xx_hal_i2c.o(i.HAL_I2C_SlaveRxCpltCallback)
    HAL_I2C_SlaveTxCpltCallback              0x0800125f   Thumb Code     2  stm32f1xx_hal_i2c.o(i.HAL_I2C_SlaveTxCpltCallback)
    HAL_IncTick                              0x08001261   Thumb Code    12  stm32f1xx_hal.o(i.HAL_IncTick)
    HAL_Init                                 0x08001271   Thumb Code    32  stm32f1xx_hal.o(i.HAL_Init)
    HAL_InitTick                             0x08001295   Thumb Code    54  stm32f1xx_hal.o(i.HAL_InitTick)
    HAL_MspInit                              0x080012d5   Thumb Code    52  stm32f1xx_hal_msp.o(i.HAL_MspInit)
    HAL_NVIC_EnableIRQ                       0x08001311   Thumb Code    26  stm32f1xx_hal_cortex.o(i.HAL_NVIC_EnableIRQ)
    HAL_NVIC_SetPriority                     0x0800132d   Thumb Code    60  stm32f1xx_hal_cortex.o(i.HAL_NVIC_SetPriority)
    HAL_NVIC_SetPriorityGrouping             0x0800136d   Thumb Code    26  stm32f1xx_hal_cortex.o(i.HAL_NVIC_SetPriorityGrouping)
    HAL_PWR_EnableBkUpAccess                 0x08001391   Thumb Code     8  stm32f1xx_hal_pwr.o(i.HAL_PWR_EnableBkUpAccess)
    HAL_RCCEx_GetPeriphCLKFreq               0x0800139d   Thumb Code   166  stm32f1xx_hal_rcc_ex.o(i.HAL_RCCEx_GetPeriphCLKFreq)
    HAL_RCCEx_PeriphCLKConfig                0x08001465   Thumb Code   224  stm32f1xx_hal_rcc_ex.o(i.HAL_RCCEx_PeriphCLKConfig)
    HAL_RCC_ClockConfig                      0x08001551   Thumb Code   280  stm32f1xx_hal_rcc.o(i.HAL_RCC_ClockConfig)
    HAL_RCC_GetPCLK1Freq                     0x0800167d   Thumb Code    20  stm32f1xx_hal_rcc.o(i.HAL_RCC_GetPCLK1Freq)
    HAL_RCC_GetPCLK2Freq                     0x0800169d   Thumb Code    20  stm32f1xx_hal_rcc.o(i.HAL_RCC_GetPCLK2Freq)
    HAL_RCC_GetSysClockFreq                  0x080016bd   Thumb Code    74  stm32f1xx_hal_rcc.o(i.HAL_RCC_GetSysClockFreq)
    HAL_RCC_OscConfig                        0x08001729   Thumb Code   778  stm32f1xx_hal_rcc.o(i.HAL_RCC_OscConfig)
    HAL_RTC_Init                             0x08001a49   Thumb Code   154  stm32f1xx_hal_rtc.o(i.HAL_RTC_Init)
    HAL_RTC_MspInit                          0x08001ae9   Thumb Code    40  stm32f1xx_hal_msp.o(i.HAL_RTC_MspInit)
    HAL_RTC_WaitForSynchro                   0x08001b1d   Thumb Code    58  stm32f1xx_hal_rtc.o(i.HAL_RTC_WaitForSynchro)
    HAL_SYSTICK_Config                       0x08001b57   Thumb Code    40  stm32f1xx_hal_cortex.o(i.HAL_SYSTICK_Config)
    HAL_TIMEx_BreakCallback                  0x08001b7f   Thumb Code     2  stm32f1xx_hal_tim_ex.o(i.HAL_TIMEx_BreakCallback)
    HAL_TIMEx_CommutCallback                 0x08001b81   Thumb Code     2  stm32f1xx_hal_tim_ex.o(i.HAL_TIMEx_CommutCallback)
    HAL_TIMEx_MasterConfigSynchronization    0x08001b83   Thumb Code    66  stm32f1xx_hal_tim_ex.o(i.HAL_TIMEx_MasterConfigSynchronization)
    HAL_TIM_Base_Init                        0x08001bc5   Thumb Code    54  stm32f1xx_hal_tim.o(i.HAL_TIM_Base_Init)
    HAL_TIM_Base_MspInit                     0x08001bfd   Thumb Code   158  stm32f1xx_hal_msp.o(i.HAL_TIM_Base_MspInit)
    HAL_TIM_ConfigClockSource                0x08001cad   Thumb Code   214  stm32f1xx_hal_tim.o(i.HAL_TIM_ConfigClockSource)
    HAL_TIM_IC_CaptureCallback               0x08001d83   Thumb Code     2  stm32f1xx_hal_tim.o(i.HAL_TIM_IC_CaptureCallback)
    HAL_TIM_IRQHandler                       0x08001d85   Thumb Code   358  stm32f1xx_hal_tim.o(i.HAL_TIM_IRQHandler)
    HAL_TIM_MspPostInit                      0x08001eed   Thumb Code    82  stm32f1xx_hal_msp.o(i.HAL_TIM_MspPostInit)
    HAL_TIM_OC_DelayElapsedCallback          0x08001f51   Thumb Code     2  stm32f1xx_hal_tim.o(i.HAL_TIM_OC_DelayElapsedCallback)
    HAL_TIM_PWM_ConfigChannel                0x08001f53   Thumb Code   208  stm32f1xx_hal_tim.o(i.HAL_TIM_PWM_ConfigChannel)
    HAL_TIM_PWM_Init                         0x08002023   Thumb Code    54  stm32f1xx_hal_tim.o(i.HAL_TIM_PWM_Init)
    HAL_TIM_PWM_MspInit                      0x08002059   Thumb Code     2  stm32f1xx_hal_tim.o(i.HAL_TIM_PWM_MspInit)
    HAL_TIM_PWM_PulseFinishedCallback        0x0800205b   Thumb Code     2  stm32f1xx_hal_tim.o(i.HAL_TIM_PWM_PulseFinishedCallback)
    HAL_TIM_PeriodElapsedCallback            0x0800205d   Thumb Code     2  stm32f1xx_hal_tim.o(i.HAL_TIM_PeriodElapsedCallback)
    HAL_TIM_TriggerCallback                  0x0800205f   Thumb Code     2  stm32f1xx_hal_tim.o(i.HAL_TIM_TriggerCallback)
    HAL_UART_ErrorCallback                   0x08002061   Thumb Code     2  stm32f1xx_hal_uart.o(i.HAL_UART_ErrorCallback)
    HAL_UART_IRQHandler                      0x08002065   Thumb Code   266  stm32f1xx_hal_uart.o(i.HAL_UART_IRQHandler)
    HAL_UART_Init                            0x08002175   Thumb Code    98  stm32f1xx_hal_uart.o(i.HAL_UART_Init)
    HAL_UART_MspInit                         0x080021d9   Thumb Code   280  stm32f1xx_hal_msp.o(i.HAL_UART_MspInit)
    HAL_UART_Receive_IT                      0x0800230d   Thumb Code    82  stm32f1xx_hal_uart.o(i.HAL_UART_Receive_IT)
    HAL_UART_RxCpltCallback                  0x0800235f   Thumb Code     2  stm32f1xx_hal_uart.o(i.HAL_UART_RxCpltCallback)
    HAL_UART_Transmit_IT                     0x08002361   Thumb Code    62  stm32f1xx_hal_uart.o(i.HAL_UART_Transmit_IT)
    HAL_UART_TxCpltCallback                  0x0800239f   Thumb Code     2  stm32f1xx_hal_uart.o(i.HAL_UART_TxCpltCallback)
    HardFault_Handler                        0x080023a1   Thumb Code     2  stm32f1xx_it.o(i.HardFault_Handler)
    I2C1_ER_IRQHandler                       0x080023a5   Thumb Code     6  stm32f1xx_it.o(i.I2C1_ER_IRQHandler)
    I2C1_EV_IRQHandler                       0x080023b1   Thumb Code     6  stm32f1xx_it.o(i.I2C1_EV_IRQHandler)
    MemManage_Handler                        0x08002fb9   Thumb Code     2  stm32f1xx_it.o(i.MemManage_Handler)
    NMI_Handler                              0x08002fbb   Thumb Code     2  stm32f1xx_it.o(i.NMI_Handler)
    PendSV_Handler                           0x08002fbd   Thumb Code     2  stm32f1xx_it.o(i.PendSV_Handler)
    SVC_Handler                              0x0800302b   Thumb Code     2  stm32f1xx_it.o(i.SVC_Handler)
    SysTick_Handler                          0x0800302d   Thumb Code     4  stm32f1xx_it.o(i.SysTick_Handler)
    SystemClock_Config                       0x08003031   Thumb Code   108  main.o(i.SystemClock_Config)
    SystemInit                               0x0800309d   Thumb Code    56  system_stm32f1xx.o(i.SystemInit)
    TIM1_UP_IRQHandler                       0x080030e5   Thumb Code    16  stm32f1xx_it.o(i.TIM1_UP_IRQHandler)
    TIM2_IRQHandler                          0x080030fd   Thumb Code   138  stm32f1xx_it.o(i.TIM2_IRQHandler)
    TIM3_IRQHandler                          0x080031bd   Thumb Code     6  stm32f1xx_it.o(i.TIM3_IRQHandler)
    TIM4_IRQHandler                          0x080031c9   Thumb Code    22  stm32f1xx_it.o(i.TIM4_IRQHandler)
    TIM_Base_SetConfig                       0x080031ed   Thumb Code    94  stm32f1xx_hal_tim.o(i.TIM_Base_SetConfig)
    TIM_ETR_SetConfig                        0x08003259   Thumb Code    20  stm32f1xx_hal_tim.o(i.TIM_ETR_SetConfig)
    TIM_OC2_SetConfig                        0x080032cd   Thumb Code    84  stm32f1xx_hal_tim.o(i.TIM_OC2_SetConfig)
    USART1_IRQHandler                        0x080035e5   Thumb Code    58  stm32f1xx_it.o(i.USART1_IRQHandler)
    USART2_IRQHandler                        0x08003631   Thumb Code     6  stm32f1xx_it.o(i.USART2_IRQHandler)
    USART3_IRQHandler                        0x0800363d   Thumb Code    42  stm32f1xx_it.o(i.USART3_IRQHandler)
    UsageFault_Handler                       0x08003679   Thumb Code     2  stm32f1xx_it.o(i.UsageFault_Handler)
    __scatterload_copy                       0x0800369b   Thumb Code    14  handlers.o(i.__scatterload_copy)
    __scatterload_null                       0x080036a9   Thumb Code     2  handlers.o(i.__scatterload_null)
    __scatterload_zeroinit                   0x080036ab   Thumb Code    14  handlers.o(i.__scatterload_zeroinit)
    bldc_motor_calistir                      0x080036b9   Thumb Code   172  surus.o(i.bldc_motor_calistir)
    bldc_motor_durdur                        0x08003771   Thumb Code    44  surus.o(i.bldc_motor_durdur)
    bldc_sur                                 0x080037a5   Thumb Code    46  surus.o(i.bldc_sur)
    direksiyon_cevir                         0x080037d9   Thumb Code    40  surus.o(i.direksiyon_cevir)
    direksiyon_kur                           0x08003809   Thumb Code    10  surus.o(i.direksiyon_kur)
    esikSetleme                              0x08003819   Thumb Code    46  ats.o(i.esikSetleme)
    fren_durum_kontrol                       0x08003851   Thumb Code    66  surus.o(i.fren_durum_kontrol)
    frenleme                                 0x080038a1   Thumb Code    96  surus.o(i.frenleme)
    main                                     0x0800390d   Thumb Code   492  main.o(i.main)
    paket_dogrula                            0x08003b3d   Thumb Code    92  xbee.o(i.paket_dogrula)
    sayacGet                                 0x08003ba5   Thumb Code     6  ats.o(i.sayacGet)
    sayacReset                               0x08003bb1   Thumb Code    48  ats.o(i.sayacReset)
    surus                                    0x08003be9   Thumb Code    30  surus.o(i.surus)
    veri_alma_baslat_it                      0x08003c0d   Thumb Code    38  xbee.o(i.veri_alma_baslat_it)
    xbee                                     0x08003c3d   Thumb Code    90  xbee.o(i.xbee)
    xbee_gonder                              0x08003ca5   Thumb Code    30  xbee.o(i.xbee_gonder)
    xbee_uart_sifirlama                      0x08003ccd   Thumb Code    20  xbee.o(i.xbee_uart_sifirlama)
    AHBPrescTable                            0x08003ce4   Data          16  system_stm32f1xx.o(.constdata)
    APBPrescTable                            0x08003cf4   Data           8  system_stm32f1xx.o(.constdata)
    Region$$Table$$Base                      0x08003cfc   Number         0  anon$$obj.o(Region$$Table)
    Region$$Table$$Limit                     0x08003d1c   Number         0  anon$$obj.o(Region$$Table)
    fren_son_durum                           0x20000000   Data           1  surus.o(.data)
    istenilen_hiz                            0x20000001   Data           1  surus.o(.data)
    BLDC_pwm                                 0x20000002   Data           1  surus.o(.data)
    fren_veri_sayisi                         0x20000003   Data           1  surus.o(.data)
    fren_istenilen                           0x20000004   Data           1  surus.o(.data)
    uart3_kuyruk_ekle                        0x20000005   Data           1  surus.o(.data)
    surus_yonu                               0x20000006   Data           1  surus.o(.data)
    BLDC_yonu                                0x20000007   Data           1  surus.o(.data)
    fren_sag_durum                           0x20000008   Data           1  surus.o(.data)
    fren_sol_durum                           0x20000009   Data           1  surus.o(.data)
    fren_veri                                0x2000000a   Data           2  surus.o(.data)
    gecen_zaman                              0x2000000c   Data           4  surus.o(.data)
    BLDC_RPM                                 0x20000010   Data           4  surus.o(.data)
    direksiyon_istenilen                     0x20000014   Data           4  surus.o(.data)
    bldc_hiz                                 0x20000018   Data           4  surus.o(.data)
    BLDC_RPM_sayac                           0x2000001c   Data           4  surus.o(.data)
    arac_durdurma_sayac                      0x20000020   Data           4  surus.o(.data)
    degisken                                 0x20000024   Data           4  surus.o(.data)
    direksiyon_pozisyonu                     0x20000028   Data           4  surus.o(.data)
    xbee_tampon_durumu                       0x2000002c   Data           1  xbee.o(.data)
    yeni_paket_var                           0x2000002d   Data           1  xbee.o(.data)
    veri_alma_basladimi                      0x2000002e   Data           1  xbee.o(.data)
    xbee_tx_tamponu                          0x2000002f   Data           1  xbee.o(.data)
    time_out_baslangic                       0x20000030   Data           4  xbee.o(.data)
    time_out_bitis                           0x20000034   Data           4  xbee.o(.data)
    xbee_veri_tamponu                        0x20000038   Data           6  xbee.o(.data)
    kesmesayac                               0x20000040   Data           4  stm32f1xx_it.o(.data)
    asd                                      0x20000044   Data           4  stm32f1xx_it.o(.data)
    asd2                                     0x20000048   Data           4  stm32f1xx_it.o(.data)
    hal_kontrol                              0x2000004c   Data           4  stm32f1xx_it.o(.data)
    sayac                                    0x20000050   Data           1  ats.o(.data)
    vurulmaEsigi                             0x20000051   Data           1  ats.o(.data)
    birOncekiSayac                           0x20000052   Data           1  ats.o(.data)
    sayacResetReceiveSecim                   0x20000053   Data           1  ats.o(.data)
    ResetOnayDonus                           0x20000054   Data           1  ats.o(.data)
    ResetOnayReturn                          0x20000055   Data           1  ats.o(.data)
    MankenDurum                              0x20000056   Data           1  ats.o(.data)
    esikSetReceiveSecim                      0x20000057   Data           1  ats.o(.data)
    setOnayDonus                             0x20000058   Data           1  ats.o(.data)
    setOnayReturn                            0x20000059   Data           1  ats.o(.data)
    sendDataAts                              0x2000005a   Data           2  ats.o(.data)
    receiveDataAts                           0x2000005c   Data           2  ats.o(.data)
    devAdressAts                             0x2000005e   Data           2  ats.o(.data)
    sendDataMkn                              0x20000060   Data           2  ats.o(.data)
    receiveDataMkn                           0x20000062   Data           2  ats.o(.data)
    devAdressMkn                             0x20000064   Data           2  ats.o(.data)
    devAdressControl                         0x20000066   Data           2  ats.o(.data)
    uwTickFreq                               0x20000068   Data           1  stm32f1xx_hal.o(.data)
    uwTickPrio                               0x2000006c   Data           4  stm32f1xx_hal.o(.data)
    uwTick                                   0x20000070   Data           4  stm32f1xx_hal.o(.data)
    SystemCoreClock                          0x20000074   Data           4  system_stm32f1xx.o(.data)
    hadc1                                    0x20000078   Data          48  main.o(.bss)
    hi2c1                                    0x200000a8   Data          84  main.o(.bss)
    hrtc                                     0x200000fc   Data          20  main.o(.bss)
    htim1                                    0x20000110   Data          64  main.o(.bss)
    htim2                                    0x20000150   Data          64  main.o(.bss)
    htim3                                    0x20000190   Data          64  main.o(.bss)
    htim4                                    0x200001d0   Data          64  main.o(.bss)
    huart1                                   0x20000210   Data          64  main.o(.bss)
    huart2                                   0x20000250   Data          64  main.o(.bss)
    huart3                                   0x20000290   Data          64  main.o(.bss)
    __initial_sp                             0x200006d0   Data           0  startup_stm32f103xb.o(STACK)



==============================================================================

Memory Map of the image

  Image Entry point : 0x080000ed

  Load Region LR_IROM1 (Base: 0x08000000, Size: 0x00003d94, Max: 0x00020000, ABSOLUTE)

    Execution Region ER_IROM1 (Exec base: 0x08000000, Load base: 0x08000000, Size: 0x00003d1c, Max: 0x00020000, ABSOLUTE)

    Exec Addr    Load Addr    Size         Type   Attr      Idx    E Section Name        Object

    0x08000000   0x08000000   0x000000ec   Data   RO            3    RESET               startup_stm32f103xb.o
    0x080000ec   0x080000ec   0x00000000   Code   RO         3942  * .ARM.Collect$$$$00000000  mc_w.l(entry.o)
    0x080000ec   0x080000ec   0x00000004   Code   RO         3949    .ARM.Collect$$$$00000001  mc_w.l(entry2.o)
    0x080000f0   0x080000f0   0x00000004   Code   RO         3952    .ARM.Collect$$$$00000004  mc_w.l(entry5.o)
    0x080000f4   0x080000f4   0x00000000   Code   RO         3954    .ARM.Collect$$$$00000008  mc_w.l(entry7b.o)
    0x080000f4   0x080000f4   0x00000000   Code   RO         3956    .ARM.Collect$$$$0000000A  mc_w.l(entry8b.o)
    0x080000f4   0x080000f4   0x00000008   Code   RO         3957    .ARM.Collect$$$$0000000B  mc_w.l(entry9a.o)
    0x080000fc   0x080000fc   0x00000000   Code   RO         3959    .ARM.Collect$$$$0000000D  mc_w.l(entry10a.o)
    0x080000fc   0x080000fc   0x00000000   Code   RO         3961    .ARM.Collect$$$$0000000F  mc_w.l(entry11a.o)
    0x080000fc   0x080000fc   0x00000004   Code   RO         3950    .ARM.Collect$$$$00002712  mc_w.l(entry2.o)
    0x08000100   0x08000100   0x00000024   Code   RO            4    .text               startup_stm32f103xb.o
    0x08000124   0x08000124   0x00000024   Code   RO         3947    .text               mc_w.l(memseta.o)
    0x08000148   0x08000148   0x00000024   Code   RO         3963    .text               mc_w.l(init.o)
    0x0800016c   0x0800016c   0x000000c4   Code   RO          336    i.ADC1_2_IRQHandler  stm32f1xx_it.o
    0x08000230   0x08000230   0x0000004c   Code   RO          708    i.ADC_ConversionStop_Disable  stm32f1xx_hal_adc.o
    0x0800027c   0x0800027c   0x00000028   Code   RO          611    i.AtsMkninit        ats.o
    0x080002a4   0x080002a4   0x00000002   Code   RO          337    i.BusFault_Handler  stm32f1xx_it.o
    0x080002a6   0x080002a6   0x00000002   Code   RO          338    i.DebugMon_Handler  stm32f1xx_it.o
    0x080002a8   0x080002a8   0x000000ac   Code   RO          339    i.EXTI0_IRQHandler  stm32f1xx_it.o
    0x08000354   0x08000354   0x00000034   Code   RO          340    i.EXTI15_10_IRQHandler  stm32f1xx_it.o
    0x08000388   0x08000388   0x00000006   Code   RO          341    i.EXTI1_IRQHandler  stm32f1xx_it.o
    0x0800038e   0x0800038e   0x00000006   Code   RO          342    i.EXTI2_IRQHandler  stm32f1xx_it.o
    0x08000394   0x08000394   0x0000004c   Code   RO          343    i.EXTI3_IRQHandler  stm32f1xx_it.o
    0x080003e0   0x080003e0   0x0000003c   Code   RO          344    i.EXTI4_IRQHandler  stm32f1xx_it.o
    0x0800041c   0x0800041c   0x00000084   Code   RO          345    i.EXTI9_5_IRQHandler  stm32f1xx_it.o
    0x080004a0   0x080004a0   0x00000002   Code   RO          258    i.Error_Handler     main.o
    0x080004a2   0x080004a2   0x00000002   Code   RO          890    i.HAL_ADCEx_InjectedConvCpltCallback  stm32f1xx_hal_adc_ex.o
    0x080004a4   0x080004a4   0x000000fc   Code   RO          714    i.HAL_ADC_ConfigChannel  stm32f1xx_hal_adc.o
    0x080005a0   0x080005a0   0x00000002   Code   RO          715    i.HAL_ADC_ConvCpltCallback  stm32f1xx_hal_adc.o
    0x080005a2   0x080005a2   0x000000e6   Code   RO          722    i.HAL_ADC_IRQHandler  stm32f1xx_hal_adc.o
    0x08000688   0x08000688   0x0000011c   Code   RO          723    i.HAL_ADC_Init      stm32f1xx_hal_adc.o
    0x080007a4   0x080007a4   0x00000002   Code   RO          724    i.HAL_ADC_LevelOutOfWindowCallback  stm32f1xx_hal_adc.o
    0x080007a6   0x080007a6   0x00000002   PAD
    0x080007a8   0x080007a8   0x00000068   Code   RO          522    i.HAL_ADC_MspInit   stm32f1xx_hal_msp.o
    0x08000810   0x08000810   0x00000098   Code   RO         1364    i.HAL_DMA_Abort_IT  stm32f1xx_hal_dma.o
    0x080008a8   0x080008a8   0x00000006   Code   RO         1367    i.HAL_DMA_GetState  stm32f1xx_hal_dma.o
    0x080008ae   0x080008ae   0x00000002   Code   RO         1297    i.HAL_GPIO_EXTI_Callback  stm32f1xx_hal_gpio.o
    0x080008b0   0x080008b0   0x00000018   Code   RO         1298    i.HAL_GPIO_EXTI_IRQHandler  stm32f1xx_hal_gpio.o
    0x080008c8   0x080008c8   0x000001e0   Code   RO         1299    i.HAL_GPIO_Init     stm32f1xx_hal_gpio.o
    0x08000aa8   0x08000aa8   0x0000000a   Code   RO         1303    i.HAL_GPIO_WritePin  stm32f1xx_hal_gpio.o
    0x08000ab2   0x08000ab2   0x00000002   PAD
    0x08000ab4   0x08000ab4   0x0000000c   Code   RO          995    i.HAL_GetTick       stm32f1xx_hal.o
    0x08000ac0   0x08000ac0   0x00000002   Code   RO         1959    i.HAL_I2C_AbortCpltCallback  stm32f1xx_hal_i2c.o
    0x08000ac2   0x08000ac2   0x00000002   Code   RO         1960    i.HAL_I2C_AddrCallback  stm32f1xx_hal_i2c.o
    0x08000ac4   0x08000ac4   0x000000c4   Code   RO         1963    i.HAL_I2C_ER_IRQHandler  stm32f1xx_hal_i2c.o
    0x08000b88   0x08000b88   0x0000025a   Code   RO         1964    i.HAL_I2C_EV_IRQHandler  stm32f1xx_hal_i2c.o
    0x08000de2   0x08000de2   0x00000002   Code   RO         1966    i.HAL_I2C_ErrorCallback  stm32f1xx_hal_i2c.o
    0x08000de4   0x08000de4   0x00000174   Code   RO         1970    i.HAL_I2C_Init      stm32f1xx_hal_i2c.o
    0x08000f58   0x08000f58   0x00000002   Code   RO         1972    i.HAL_I2C_ListenCpltCallback  stm32f1xx_hal_i2c.o
    0x08000f5a   0x08000f5a   0x00000002   PAD
    0x08000f5c   0x08000f5c   0x0000009c   Code   RO          612    i.HAL_I2C_MasterRxCpltCallback  ats.o
    0x08000ff8   0x08000ff8   0x0000004c   Code   RO          613    i.HAL_I2C_MasterTxCpltCallback  ats.o
    0x08001044   0x08001044   0x000000c8   Code   RO         1978    i.HAL_I2C_Master_Receive_IT  stm32f1xx_hal_i2c.o
    0x0800110c   0x0800110c   0x000000bc   Code   RO         1985    i.HAL_I2C_Master_Transmit_IT  stm32f1xx_hal_i2c.o
    0x080011c8   0x080011c8   0x00000002   Code   RO         1986    i.HAL_I2C_MemRxCpltCallback  stm32f1xx_hal_i2c.o
    0x080011ca   0x080011ca   0x00000002   Code   RO         1987    i.HAL_I2C_MemTxCpltCallback  stm32f1xx_hal_i2c.o
    0x080011cc   0x080011cc   0x00000090   Code   RO          524    i.HAL_I2C_MspInit   stm32f1xx_hal_msp.o
    0x0800125c   0x0800125c   0x00000002   Code   RO         1996    i.HAL_I2C_SlaveRxCpltCallback  stm32f1xx_hal_i2c.o
    0x0800125e   0x0800125e   0x00000002   Code   RO         1997    i.HAL_I2C_SlaveTxCpltCallback  stm32f1xx_hal_i2c.o
    0x08001260   0x08001260   0x00000010   Code   RO         1001    i.HAL_IncTick       stm32f1xx_hal.o
    0x08001270   0x08001270   0x00000024   Code   RO         1002    i.HAL_Init          stm32f1xx_hal.o
    0x08001294   0x08001294   0x00000040   Code   RO         1003    i.HAL_InitTick      stm32f1xx_hal.o
    0x080012d4   0x080012d4   0x0000003c   Code   RO          525    i.HAL_MspInit       stm32f1xx_hal_msp.o
    0x08001310   0x08001310   0x0000001a   Code   RO         1459    i.HAL_NVIC_EnableIRQ  stm32f1xx_hal_cortex.o
    0x0800132a   0x0800132a   0x00000002   PAD
    0x0800132c   0x0800132c   0x00000040   Code   RO         1465    i.HAL_NVIC_SetPriority  stm32f1xx_hal_cortex.o
    0x0800136c   0x0800136c   0x00000024   Code   RO         1466    i.HAL_NVIC_SetPriorityGrouping  stm32f1xx_hal_cortex.o
    0x08001390   0x08001390   0x0000000c   Code   RO         1581    i.HAL_PWR_EnableBkUpAccess  stm32f1xx_hal_pwr.o
    0x0800139c   0x0800139c   0x000000c8   Code   RO         1261    i.HAL_RCCEx_GetPeriphCLKFreq  stm32f1xx_hal_rcc_ex.o
    0x08001464   0x08001464   0x000000ec   Code   RO         1262    i.HAL_RCCEx_PeriphCLKConfig  stm32f1xx_hal_rcc_ex.o
    0x08001550   0x08001550   0x0000012c   Code   RO         1159    i.HAL_RCC_ClockConfig  stm32f1xx_hal_rcc.o
    0x0800167c   0x0800167c   0x00000020   Code   RO         1166    i.HAL_RCC_GetPCLK1Freq  stm32f1xx_hal_rcc.o
    0x0800169c   0x0800169c   0x00000020   Code   RO         1167    i.HAL_RCC_GetPCLK2Freq  stm32f1xx_hal_rcc.o
    0x080016bc   0x080016bc   0x0000006c   Code   RO         1168    i.HAL_RCC_GetSysClockFreq  stm32f1xx_hal_rcc.o
    0x08001728   0x08001728   0x00000320   Code   RO         1171    i.HAL_RCC_OscConfig  stm32f1xx_hal_rcc.o
    0x08001a48   0x08001a48   0x000000a0   Code   RO         2389    i.HAL_RTC_Init      stm32f1xx_hal_rtc.o
    0x08001ae8   0x08001ae8   0x00000034   Code   RO          527    i.HAL_RTC_MspInit   stm32f1xx_hal_msp.o
    0x08001b1c   0x08001b1c   0x0000003a   Code   RO         2397    i.HAL_RTC_WaitForSynchro  stm32f1xx_hal_rtc.o
    0x08001b56   0x08001b56   0x00000028   Code   RO         1470    i.HAL_SYSTICK_Config  stm32f1xx_hal_cortex.o
    0x08001b7e   0x08001b7e   0x00000002   Code   RO         3330    i.HAL_TIMEx_BreakCallback  stm32f1xx_hal_tim_ex.o
    0x08001b80   0x08001b80   0x00000002   Code   RO         3331    i.HAL_TIMEx_CommutCallback  stm32f1xx_hal_tim_ex.o
    0x08001b82   0x08001b82   0x00000042   Code   RO         3348    i.HAL_TIMEx_MasterConfigSynchronization  stm32f1xx_hal_tim_ex.o
    0x08001bc4   0x08001bc4   0x00000036   Code   RO         2655    i.HAL_TIM_Base_Init  stm32f1xx_hal_tim.o
    0x08001bfa   0x08001bfa   0x00000002   PAD
    0x08001bfc   0x08001bfc   0x000000b0   Code   RO          529    i.HAL_TIM_Base_MspInit  stm32f1xx_hal_msp.o
    0x08001cac   0x08001cac   0x000000d6   Code   RO         2664    i.HAL_TIM_ConfigClockSource  stm32f1xx_hal_tim.o
    0x08001d82   0x08001d82   0x00000002   Code   RO         2684    i.HAL_TIM_IC_CaptureCallback  stm32f1xx_hal_tim.o
    0x08001d84   0x08001d84   0x00000166   Code   RO         2698    i.HAL_TIM_IRQHandler  stm32f1xx_hal_tim.o
    0x08001eea   0x08001eea   0x00000002   PAD
    0x08001eec   0x08001eec   0x00000064   Code   RO          530    i.HAL_TIM_MspPostInit  stm32f1xx_hal_msp.o
    0x08001f50   0x08001f50   0x00000002   Code   RO         2701    i.HAL_TIM_OC_DelayElapsedCallback  stm32f1xx_hal_tim.o
    0x08001f52   0x08001f52   0x000000d0   Code   RO         2722    i.HAL_TIM_PWM_ConfigChannel  stm32f1xx_hal_tim.o
    0x08002022   0x08002022   0x00000036   Code   RO         2725    i.HAL_TIM_PWM_Init  stm32f1xx_hal_tim.o
    0x08002058   0x08002058   0x00000002   Code   RO         2727    i.HAL_TIM_PWM_MspInit  stm32f1xx_hal_tim.o
    0x0800205a   0x0800205a   0x00000002   Code   RO         2728    i.HAL_TIM_PWM_PulseFinishedCallback  stm32f1xx_hal_tim.o
    0x0800205c   0x0800205c   0x00000002   Code   RO         2736    i.HAL_TIM_PeriodElapsedCallback  stm32f1xx_hal_tim.o
    0x0800205e   0x0800205e   0x00000002   Code   RO         2741    i.HAL_TIM_TriggerCallback  stm32f1xx_hal_tim.o
    0x08002060   0x08002060   0x00000002   Code   RO         3602    i.HAL_UART_ErrorCallback  stm32f1xx_hal_uart.o
    0x08002062   0x08002062   0x00000002   PAD
    0x08002064   0x08002064   0x00000110   Code   RO         3605    i.HAL_UART_IRQHandler  stm32f1xx_hal_uart.o
    0x08002174   0x08002174   0x00000062   Code   RO         3606    i.HAL_UART_Init     stm32f1xx_hal_uart.o
    0x080021d6   0x080021d6   0x00000002   PAD
    0x080021d8   0x080021d8   0x00000134   Code   RO          532    i.HAL_UART_MspInit  stm32f1xx_hal_msp.o
    0x0800230c   0x0800230c   0x00000052   Code   RO         3611    i.HAL_UART_Receive_IT  stm32f1xx_hal_uart.o
    0x0800235e   0x0800235e   0x00000002   Code   RO         3612    i.HAL_UART_RxCpltCallback  stm32f1xx_hal_uart.o
    0x08002360   0x08002360   0x0000003e   Code   RO         3616    i.HAL_UART_Transmit_IT  stm32f1xx_hal_uart.o
    0x0800239e   0x0800239e   0x00000002   Code   RO         3617    i.HAL_UART_TxCpltCallback  stm32f1xx_hal_uart.o
    0x080023a0   0x080023a0   0x00000002   Code   RO          346    i.HardFault_Handler  stm32f1xx_it.o
    0x080023a2   0x080023a2   0x00000002   PAD
    0x080023a4   0x080023a4   0x0000000c   Code   RO          347    i.I2C1_ER_IRQHandler  stm32f1xx_it.o
    0x080023b0   0x080023b0   0x0000000c   Code   RO          348    i.I2C1_EV_IRQHandler  stm32f1xx_it.o
    0x080023bc   0x080023bc   0x0000007e   Code   RO         2008    i.I2C_DMAAbort      stm32f1xx_hal_i2c.o
    0x0800243a   0x0800243a   0x00000002   PAD
    0x0800243c   0x0800243c   0x00000140   Code   RO         2011    i.I2C_ITError       stm32f1xx_hal_i2c.o
    0x0800257c   0x0800257c   0x000000d2   Code   RO         2013    i.I2C_MasterReceive_BTF  stm32f1xx_hal_i2c.o
    0x0800264e   0x0800264e   0x00000092   Code   RO         2014    i.I2C_MasterReceive_RXNE  stm32f1xx_hal_i2c.o
    0x080026e0   0x080026e0   0x00000082   Code   RO         2017    i.I2C_MasterTransmit_BTF  stm32f1xx_hal_i2c.o
    0x08002762   0x08002762   0x00000002   PAD
    0x08002764   0x08002764   0x00000104   Code   RO         2018    i.I2C_MasterTransmit_TXE  stm32f1xx_hal_i2c.o
    0x08002868   0x08002868   0x00000158   Code   RO         2019    i.I2C_Master_ADDR   stm32f1xx_hal_i2c.o
    0x080029c0   0x080029c0   0x0000008e   Code   RO         2020    i.I2C_Master_SB     stm32f1xx_hal_i2c.o
    0x08002a4e   0x08002a4e   0x00000002   PAD
    0x08002a50   0x08002a50   0x00000084   Code   RO         2023    i.I2C_Slave_AF      stm32f1xx_hal_i2c.o
    0x08002ad4   0x08002ad4   0x0000015c   Code   RO         2024    i.I2C_Slave_STOPF   stm32f1xx_hal_i2c.o
    0x08002c30   0x08002c30   0x00000040   Code   RO          259    i.MX_ADC1_Init      main.o
    0x08002c70   0x08002c70   0x000001b0   Code   RO          260    i.MX_GPIO_Init      main.o
    0x08002e20   0x08002e20   0x00000054   Code   RO          261    i.MX_TIM1_Init      main.o
    0x08002e74   0x08002e74   0x00000050   Code   RO          262    i.MX_TIM2_Init      main.o
    0x08002ec4   0x08002ec4   0x000000a0   Code   RO          263    i.MX_TIM3_Init      main.o
    0x08002f64   0x08002f64   0x00000054   Code   RO          264    i.MX_TIM4_Init      main.o
    0x08002fb8   0x08002fb8   0x00000002   Code   RO          349    i.MemManage_Handler  stm32f1xx_it.o
    0x08002fba   0x08002fba   0x00000002   Code   RO          350    i.NMI_Handler       stm32f1xx_it.o
    0x08002fbc   0x08002fbc   0x00000002   Code   RO          351    i.PendSV_Handler    stm32f1xx_it.o
    0x08002fbe   0x08002fbe   0x00000034   Code   RO         2401    i.RTC_EnterInitMode  stm32f1xx_hal_rtc.o
    0x08002ff2   0x08002ff2   0x00000002   PAD
    0x08002ff4   0x08002ff4   0x00000036   Code   RO         2402    i.RTC_ExitInitMode  stm32f1xx_hal_rtc.o
    0x0800302a   0x0800302a   0x00000002   Code   RO          352    i.SVC_Handler       stm32f1xx_it.o
    0x0800302c   0x0800302c   0x00000004   Code   RO          353    i.SysTick_Handler   stm32f1xx_it.o
    0x08003030   0x08003030   0x0000006c   Code   RO          265    i.SystemClock_Config  main.o
    0x0800309c   0x0800309c   0x00000048   Code   RO         3908    i.SystemInit        system_stm32f1xx.o
    0x080030e4   0x080030e4   0x00000018   Code   RO          354    i.TIM1_UP_IRQHandler  stm32f1xx_it.o
    0x080030fc   0x080030fc   0x000000c0   Code   RO          355    i.TIM2_IRQHandler   stm32f1xx_it.o
    0x080031bc   0x080031bc   0x0000000c   Code   RO          356    i.TIM3_IRQHandler   stm32f1xx_it.o
    0x080031c8   0x080031c8   0x00000024   Code   RO          357    i.TIM4_IRQHandler   stm32f1xx_it.o
    0x080031ec   0x080031ec   0x0000006c   Code   RO         2743    i.TIM_Base_SetConfig  stm32f1xx_hal_tim.o
    0x08003258   0x08003258   0x00000014   Code   RO         2754    i.TIM_ETR_SetConfig  stm32f1xx_hal_tim.o
    0x0800326c   0x0800326c   0x00000010   Code   RO         2755    i.TIM_ITRx_SetConfig  stm32f1xx_hal_tim.o
    0x0800327c   0x0800327c   0x00000050   Code   RO         2756    i.TIM_OC1_SetConfig  stm32f1xx_hal_tim.o
    0x080032cc   0x080032cc   0x00000058   Code   RO         2757    i.TIM_OC2_SetConfig  stm32f1xx_hal_tim.o
    0x08003324   0x08003324   0x00000058   Code   RO         2758    i.TIM_OC3_SetConfig  stm32f1xx_hal_tim.o
    0x0800337c   0x0800337c   0x00000044   Code   RO         2759    i.TIM_OC4_SetConfig  stm32f1xx_hal_tim.o
    0x080033c0   0x080033c0   0x00000022   Code   RO         2761    i.TIM_TI1_ConfigInputStage  stm32f1xx_hal_tim.o
    0x080033e2   0x080033e2   0x00000024   Code   RO         2763    i.TIM_TI2_ConfigInputStage  stm32f1xx_hal_tim.o
    0x08003406   0x08003406   0x00000010   Code   RO         3619    i.UART_DMAAbortOnError  stm32f1xx_hal_uart.o
    0x08003416   0x08003416   0x0000001c   Code   RO         3629    i.UART_EndRxTransfer  stm32f1xx_hal_uart.o
    0x08003432   0x08003432   0x00000096   Code   RO         3631    i.UART_Receive_IT   stm32f1xx_hal_uart.o
    0x080034c8   0x080034c8   0x000000b8   Code   RO         3632    i.UART_SetConfig    stm32f1xx_hal_uart.o
    0x08003580   0x08003580   0x00000062   Code   RO         3633    i.UART_Transmit_IT  stm32f1xx_hal_uart.o
    0x080035e2   0x080035e2   0x00000002   PAD
    0x080035e4   0x080035e4   0x0000004c   Code   RO          358    i.USART1_IRQHandler  stm32f1xx_it.o
    0x08003630   0x08003630   0x0000000c   Code   RO          359    i.USART2_IRQHandler  stm32f1xx_it.o
    0x0800363c   0x0800363c   0x0000003c   Code   RO          360    i.USART3_IRQHandler  stm32f1xx_it.o
    0x08003678   0x08003678   0x00000002   Code   RO          361    i.UsageFault_Handler  stm32f1xx_it.o
    0x0800367a   0x0800367a   0x00000020   Code   RO         1472    i.__NVIC_SetPriority  stm32f1xx_hal_cortex.o
    0x0800369a   0x0800369a   0x0000000e   Code   RO         3967    i.__scatterload_copy  mc_w.l(handlers.o)
    0x080036a8   0x080036a8   0x00000002   Code   RO         3968    i.__scatterload_null  mc_w.l(handlers.o)
    0x080036aa   0x080036aa   0x0000000e   Code   RO         3969    i.__scatterload_zeroinit  mc_w.l(handlers.o)
    0x080036b8   0x080036b8   0x000000b8   Code   RO           13    i.bldc_motor_calistir  surus.o
    0x08003770   0x08003770   0x00000034   Code   RO           14    i.bldc_motor_durdur  surus.o
    0x080037a4   0x080037a4   0x00000034   Code   RO           15    i.bldc_sur          surus.o
    0x080037d8   0x080037d8   0x00000030   Code   RO           16    i.direksiyon_cevir  surus.o
    0x08003808   0x08003808   0x00000010   Code   RO           17    i.direksiyon_kur    surus.o
    0x08003818   0x08003818   0x00000038   Code   RO          614    i.esikSetleme       ats.o
    0x08003850   0x08003850   0x00000050   Code   RO           18    i.fren_durum_kontrol  surus.o
    0x080038a0   0x080038a0   0x0000006c   Code   RO           19    i.frenleme          surus.o
    0x0800390c   0x0800390c   0x00000230   Code   RO          266    i.main              main.o
    0x08003b3c   0x08003b3c   0x00000068   Code   RO          200    i.paket_dogrula     xbee.o
    0x08003ba4   0x08003ba4   0x0000000c   Code   RO          615    i.sayacGet          ats.o
    0x08003bb0   0x08003bb0   0x00000038   Code   RO          616    i.sayacReset        ats.o
    0x08003be8   0x08003be8   0x00000024   Code   RO           21    i.surus             surus.o
    0x08003c0c   0x08003c0c   0x00000030   Code   RO          201    i.veri_alma_baslat_it  xbee.o
    0x08003c3c   0x08003c3c   0x00000068   Code   RO          202    i.xbee              xbee.o
    0x08003ca4   0x08003ca4   0x00000028   Code   RO          203    i.xbee_gonder       xbee.o
    0x08003ccc   0x08003ccc   0x00000018   Code   RO          204    i.xbee_uart_sifirlama  xbee.o
    0x08003ce4   0x08003ce4   0x00000010   Data   RO         3909    .constdata          system_stm32f1xx.o
    0x08003cf4   0x08003cf4   0x00000008   Data   RO         3910    .constdata          system_stm32f1xx.o
    0x08003cfc   0x08003cfc   0x00000020   Data   RO         3965    Region$$Table       anon$$obj.o


    Execution Region RW_IRAM1 (Exec base: 0x20000000, Load base: 0x08003d1c, Size: 0x000006d0, Max: 0x00005000, ABSOLUTE)

    Exec Addr    Load Addr    Size         Type   Attr      Idx    E Section Name        Object

    0x20000000   0x08003d1c   0x00000018   Data   RW           22    .data               surus.o
    0x20000018   0x08003d34   0x00000004   Data   RW           23    .data               surus.o
    0x2000001c   0x08003d38   0x00000004   Data   RW           26    .data               surus.o
    0x20000020   0x08003d3c   0x00000004   Data   RW           27    .data               surus.o
    0x20000024   0x08003d40   0x00000004   Data   RW           28    .data               surus.o
    0x20000028   0x08003d44   0x00000004   Data   RW           31    .data               surus.o
    0x2000002c   0x08003d48   0x00000012   Data   RW          206    .data               xbee.o
    0x2000003e   0x08003d5a   0x00000002   PAD
    0x20000040   0x08003d5c   0x00000010   Data   RW          362    .data               stm32f1xx_it.o
    0x20000050   0x08003d6c   0x00000018   Data   RW          617    .data               ats.o
    0x20000068   0x08003d84   0x0000000c   Data   RW         1009    .data               stm32f1xx_hal.o
    0x20000074   0x08003d90   0x00000004   Data   RW         3911    .data               system_stm32f1xx.o
    0x20000078        -       0x00000258   Zero   RW          267    .bss                main.o
    0x200002d0        -       0x00000400   Zero   RW            1    STACK               startup_stm32f103xb.o


==============================================================================

Image component sizes


      Code (inc. data)   RO Data    RW Data    ZI Data      Debug   Object Name

       396         40          0         24          0       5083   ats.o
      1574        130          0          0        600       7293   main.o
        36          8        236          0       1024        860   startup_stm32f103xb.o
       128         24          0         12          0       5717   stm32f1xx_hal.o
       846         24          0          0          0       5523   stm32f1xx_hal_adc.o
         2          0          0          0          0       1181   stm32f1xx_hal_adc_ex.o
       198         14          0          0          0      29307   stm32f1xx_hal_cortex.o
       158          4          0          0          0       1842   stm32f1xx_hal_dma.o
       516         40          0          0          0       4304   stm32f1xx_hal_gpio.o
      3732         62          0          0          0      22564   stm32f1xx_hal_i2c.o
       944        112          0          0          0       5704   stm32f1xx_hal_msp.o
        12          4          0          0          0        575   stm32f1xx_hal_pwr.o
      1272        100          0          0          0       5556   stm32f1xx_hal_rcc.o
       436         46          0          0          0       2717   stm32f1xx_hal_rcc_ex.o
       324          6          0          0          0       4008   stm32f1xx_hal_rtc.o
      1438         34          0          0          0      15510   stm32f1xx_hal_tim.o
        70          0          0          0          0       2593   stm32f1xx_hal_tim_ex.o
       996         12          0          0          0       9372   stm32f1xx_hal_uart.o
      1156        288          0         16          0      14048   stm32f1xx_it.o
       576         72          0         44          0     462591   surus.o
        72         16         24          4          0       1343   system_stm32f1xx.o
       320         50          0         18          0       4203   xbee.o

    ----------------------------------------------------------------------
     15230       1086        292        120       1624     611894   Object Totals
         0          0         32          0          0          0   (incl. Generated)
        28          0          0          2          0          0   (incl. Padding)

    ----------------------------------------------------------------------

      Code (inc. data)   RO Data    RW Data    ZI Data      Debug   Library Member Name

         0          0          0          0          0          0   entry.o
         0          0          0          0          0          0   entry10a.o
         0          0          0          0          0          0   entry11a.o
         8          4          0          0          0          0   entry2.o
         4          0          0          0          0          0   entry5.o
         0          0          0          0          0          0   entry7b.o
         0          0          0          0          0          0   entry8b.o
         8          4          0          0          0          0   entry9a.o
        30          0          0          0          0          0   handlers.o
        36          8          0          0          0         68   init.o
        36          0          0          0          0        108   memseta.o

    ----------------------------------------------------------------------
       122         16          0          0          0        176   Library Totals
         0          0          0          0          0          0   (incl. Padding)

    ----------------------------------------------------------------------

      Code (inc. data)   RO Data    RW Data    ZI Data      Debug   Library Name

       122         16          0          0          0        176   mc_w.l

    ----------------------------------------------------------------------
       122         16          0          0          0        176   Library Totals

    ----------------------------------------------------------------------

==============================================================================


      Code (inc. data)   RO Data    RW Data    ZI Data      Debug   

     15352       1102        292        120       1624     604526   Grand Totals
     15352       1102        292        120       1624     604526   ELF Image Totals
     15352       1102        292        120          0          0   ROM Totals

==============================================================================

    Total RO  Size (Code + RO Data)                15644 (  15.28kB)
    Total RW  Size (RW Data + ZI Data)              1744 (   1.70kB)
    Total ROM Size (Code + RO Data + RW Data)      15764 (  15.39kB)

==============================================================================

